Component: ARM Compiler 5.06 update 1 (build 61) Tool: armlink [4d35a8]

==============================================================================

Section Cross References

    startup_stm32f105xc.o(STACK) refers (Special) to heapauxi.o(.text) for __use_two_region_memory
    startup_stm32f105xc.o(HEAP) refers (Special) to heapauxi.o(.text) for __use_two_region_memory
    startup_stm32f105xc.o(RESET) refers (Special) to heapauxi.o(.text) for __use_two_region_memory
    startup_stm32f105xc.o(RESET) refers to startup_stm32f105xc.o(STACK) for __initial_sp
    startup_stm32f105xc.o(RESET) refers to startup_stm32f105xc.o(.text) for Reset_Handler
    startup_stm32f105xc.o(RESET) refers to stm32f1xx_it.o(i.NMI_Handler) for NMI_Handler
    startup_stm32f105xc.o(RESET) refers to stm32f1xx_it.o(i.HardFault_Handler) for HardFault_Handler
    startup_stm32f105xc.o(RESET) refers to stm32f1xx_it.o(i.MemManage_Handler) for MemManage_Handler
    startup_stm32f105xc.o(RESET) refers to stm32f1xx_it.o(i.BusFault_Handler) for BusFault_Handler
    startup_stm32f105xc.o(RESET) refers to stm32f1xx_it.o(i.UsageFault_Handler) for UsageFault_Handler
    startup_stm32f105xc.o(RESET) refers to stm32f1xx_it.o(i.SVC_Handler) for SVC_Handler
    startup_stm32f105xc.o(RESET) refers to stm32f1xx_it.o(i.DebugMon_Handler) for DebugMon_Handler
    startup_stm32f105xc.o(RESET) refers to stm32f1xx_it.o(i.PendSV_Handler) for PendSV_Handler
    startup_stm32f105xc.o(RESET) refers to stm32f1xx_it.o(i.SysTick_Handler) for SysTick_Handler
    startup_stm32f105xc.o(RESET) refers to stm32f1xx_it.o(i.DMA1_Channel4_IRQHandler) for DMA1_Channel4_IRQHandler
    startup_stm32f105xc.o(RESET) refers to stm32f1xx_it.o(i.DMA1_Channel5_IRQHandler) for DMA1_Channel5_IRQHandler
    startup_stm32f105xc.o(RESET) refers to stm32f1xx_it.o(i.CAN1_RX0_IRQHandler) for CAN1_RX0_IRQHandler
    startup_stm32f105xc.o(RESET) refers to stm32f1xx_it.o(i.TIM2_IRQHandler) for TIM2_IRQHandler
    startup_stm32f105xc.o(RESET) refers to bsp_referee.o(i.USART1_IRQHandler) for USART1_IRQHandler
    startup_stm32f105xc.o(RESET) refers to stm32f1xx_it.o(i.CAN2_RX0_IRQHandler) for CAN2_RX0_IRQHandler
    startup_stm32f105xc.o(.text) refers (Special) to heapauxi.o(.text) for __use_two_region_memory
    startup_stm32f105xc.o(.text) refers to system_stm32f1xx.o(i.SystemInit) for SystemInit
    startup_stm32f105xc.o(.text) refers to __main.o(!!!main) for __main
    startup_stm32f105xc.o(.text) refers to startup_stm32f105xc.o(HEAP) for Heap_Mem
    startup_stm32f105xc.o(.text) refers to startup_stm32f105xc.o(STACK) for Stack_Mem
    main.o(i.HAL_TIM_PeriodElapsedCallback) refers to chassis_task.o(i.chassis_feedback_update) for chassis_feedback_update
    main.o(i.HAL_TIM_PeriodElapsedCallback) refers to chassis_task.o(i.chassis_set_contorl) for chassis_set_contorl
    main.o(i.HAL_TIM_PeriodElapsedCallback) refers to chassis_task.o(i.chassis_control_loop) for chassis_control_loop
    main.o(i.HAL_TIM_PeriodElapsedCallback) refers to chassis_power_control.o(i.chassis_power_control) for chassis_power_control
    main.o(i.HAL_TIM_PeriodElapsedCallback) refers to bsp_can.o(i.CAN_cmd_chassis) for CAN_cmd_chassis
    main.o(i.HAL_TIM_PeriodElapsedCallback) refers to trigger_task.o(i.trigger_feedback_update) for trigger_feedback_update
    main.o(i.HAL_TIM_PeriodElapsedCallback) refers to trigger_task.o(i.trigger_control) for trigger_control
    main.o(i.HAL_TIM_PeriodElapsedCallback) refers to bsp_can.o(i.CAN_cmd_trigger) for CAN_cmd_trigger
    main.o(i.HAL_TIM_PeriodElapsedCallback) refers to gimbal_task.o(i.gimbal_feedback_update) for gimbal_feedback_update
    main.o(i.HAL_TIM_PeriodElapsedCallback) refers to gimbal_task.o(i.gimbal_control) for gimbal_control
    main.o(i.HAL_TIM_PeriodElapsedCallback) refers to bsp_can.o(i.CAN_cmd_yaw) for CAN_cmd_yaw
    main.o(i.HAL_TIM_PeriodElapsedCallback) refers to tim.o(.bss) for htim2
    main.o(i.HAL_TIM_PeriodElapsedCallback) refers to main.o(.data) for .data
    main.o(i.HAL_TIM_PeriodElapsedCallback) refers to bsp_can.o(.data) for channel
    main.o(i.HAL_TIM_PeriodElapsedCallback) refers to chassis_task.o(.bss) for chassis_move
    main.o(i.HAL_TIM_PeriodElapsedCallback) refers to trigger_task.o(.bss) for trigger_move
    main.o(i.HAL_TIM_PeriodElapsedCallback) refers to gimbal_task.o(.bss) for gimbal_move
    main.o(i.SystemClock_Config) refers to rt_memclr_w.o(.text) for __aeabi_memclr4
    main.o(i.SystemClock_Config) refers to stm32f1xx_hal_rcc.o(i.HAL_RCC_OscConfig) for HAL_RCC_OscConfig
    main.o(i.SystemClock_Config) refers to stm32f1xx_hal_rcc.o(i.HAL_RCC_ClockConfig) for HAL_RCC_ClockConfig
    main.o(i.main) refers to stm32f1xx_hal.o(i.HAL_Init) for HAL_Init
    main.o(i.main) refers to main.o(i.SystemClock_Config) for SystemClock_Config
    main.o(i.main) refers to gpio.o(i.MX_GPIO_Init) for MX_GPIO_Init
    main.o(i.main) refers to dma.o(i.MX_DMA_Init) for MX_DMA_Init
[...]
    STACK                                    0x200014c8   Section     1024  startup_stm32f105xc.o(STACK)
    Stack_Mem                                0x200014c8   Data        1024  startup_stm32f105xc.o(STACK)
    __initial_sp                             0x200018c8   Data           0  startup_stm32f105xc.o(STACK)

    Global Symbols

    Symbol Name                              Value     Ov Type        Size  Object(Section)

    BuildAttributes$$THM_ISAv4$P$D$K$B$S$PE$A:L22UL41UL21$X:L11$S22US41US21$IEEE1$IW$USESV6$~STKCKD$USESV7$~SHL$OTIME$ROPI$IEEEX$EBA8$UX$STANDARDLIB$REQ8$PRES8$EABIv2 0x00000000   Number         0  anon$$obj.o ABSOLUTE
    __ARM_use_no_argv                        0x00000000   Number         0  main.o ABSOLUTE
    __ARM_exceptions_init                     - Undefined Weak Reference
    __alloca_initialize                       - Undefined Weak Reference
    __arm_preinit_                            - Undefined Weak Reference
    __cpp_initialize__aeabi_                  - Undefined Weak Reference
    __cxa_finalize                            - Undefined Weak Reference
    __rt_locale                               - Undefined Weak Reference
    __sigvec_lookup                           - Undefined Weak Reference
    __user_heap_extent                        - Undefined Weak Reference
    _atexit_init                              - Undefined Weak Reference
    _call_atexit_fns                          - Undefined Weak Reference
    _clock_init                               - Undefined Weak Reference
    _fp_trap_init                             - Undefined Weak Reference
    _fp_trap_shutdown                         - Undefined Weak Reference
    _get_lc_collate                           - Undefined Weak Reference
    _get_lc_ctype                             - Undefined Weak Reference
    _get_lc_monetary                          - Undefined Weak Reference
    _get_lc_numeric                           - Undefined Weak Reference
    _get_lc_time                              - Undefined Weak Reference
    _getenv_init                              - Undefined Weak Reference
    _handle_redirection                       - Undefined Weak Reference
    _initio                                   - Undefined Weak Reference
    _mutex_acquire                            - Undefined Weak Reference
    _mutex_free                               - Undefined Weak Reference
    _mutex_release                            - Undefined Weak Reference
    _rand_init                                - Undefined Weak Reference
    _signal_finish                            - Undefined Weak Reference
    _signal_init                              - Undefined Weak Reference
    _terminateio                              - Undefined Weak Reference
    __Vectors_Size                           0x00000150   Number         0  startup_stm32f105xc.o ABSOLUTE
    __Vectors                                0x08000000   Data           4  startup_stm32f105xc.o(RESET)
    __Vectors_End                            0x08000150   Data           0  startup_stm32f105xc.o(RESET)
    __main                                   0x08000151   Thumb Code     8  __main.o(!!!main)
    __scatterload                            0x08000159   Thumb Code     0  __scatter.o(!!!scatter)
    __scatterload_rt2                        0x08000159   Thumb Code    44  __scatter.o(!!!scatter)
    __scatterload_rt2_thumb_only             0x08000159   Thumb Code     0  __scatter.o(!!!scatter)
    __scatterload_null                       0x08000167   Thumb Code     0  __scatter.o(!!!scatter)
    __scatterload_copy                       0x0800018d   Thumb Code    26  __scatter_copy.o(!!handler_copy)
    __scatterload_zeroinit                   0x080001a9   Thumb Code    28  __scatter_zi.o(!!handler_zi)
    __rt_lib_init                            0x080001c5   Thumb Code     0  libinit.o(.ARM.Collect$$libinit$$00000000)
    __rt_lib_init_alloca_1                   0x080001c7   Thumb Code     0  libinit2.o(.ARM.Collect$$libinit$$0000002E)
    __rt_lib_init_argv_1                     0x080001c7   Thumb Code     0  libinit2.o(.ARM.Collect$$libinit$$0000002C)
    __rt_lib_init_atexit_1                   0x080001c7   Thumb Code     0  libinit2.o(.ARM.Collect$$libinit$$0000001B)
    __rt_lib_init_clock_1                    0x080001c7   Thumb Code     0  libinit2.o(.ARM.Collect$$libinit$$00000021)
    __rt_lib_init_cpp_1                      0x080001c7   Thumb Code     0  libinit2.o(.ARM.Collect$$libinit$$00000032)
    __rt_lib_init_exceptions_1               0x080001c7   Thumb Code     0  libinit2.o(.ARM.Collect$$libinit$$00000030)
    __rt_lib_init_fp_1                       0x080001c7   Thumb Code     0  libinit2.o(.ARM.Collect$$libinit$$00000002)
    __rt_lib_init_fp_trap_1                  0x080001c7   Thumb Code     0  libinit2.o(.ARM.Collect$$libinit$$0000001F)
    __rt_lib_init_getenv_1                   0x080001c7   Thumb Code     0  libinit2.o(.ARM.Collect$$libinit$$00000023)
    __rt_lib_init_heap_1                     0x080001c7   Thumb Code     0  libinit2.o(.ARM.Collect$$libinit$$0000000A)
    __rt_lib_init_lc_collate_1               0x080001c7   Thumb Code     0  libinit2.o(.ARM.Collect$$libinit$$00000011)
    __rt_lib_init_lc_ctype_1                 0x080001c7   Thumb Code     0  libinit2.o(.ARM.Collect$$libinit$$00000013)
    __rt_lib_init_lc_monetary_1              0x080001c7   Thumb Code     0  libinit2.o(.ARM.Collect$$libinit$$00000015)
    __rt_lib_init_lc_numeric_1               0x080001c7   Thumb Code     0  libinit2.o(.ARM.Collect$$libinit$$00000017)
    __rt_lib_init_lc_time_1                  0x080001c7   Thumb Code     0  libinit2.o(.ARM.Collect$$libinit$$00000019)
    __rt_lib_init_preinit_1                  0x080001c7   Thumb Code     0  libinit2.o(.ARM.Collect$$libinit$$00000004)
    __rt_lib_init_rand_1                     0x080001c7   Thumb Code     0  libinit2.o(.ARM.Collect$$libinit$$0000000E)
    __rt_lib_init_return                     0x080001c7   Thumb Code     0  libinit2.o(.ARM.Collect$$libinit$$00000033)
    __rt_lib_init_signal_1                   0x080001c7   Thumb Code     0  libinit2.o(.ARM.Collect$$libinit$$0000001D)
    __rt_lib_init_stdio_1                    0x080001c7   Thumb Code     0  libinit2.o(.ARM.Collect$$libinit$$00000025)
    __rt_lib_init_user_alloc_1               0x080001c7   Thumb Code     0  libinit2.o(.ARM.Collect$$libinit$$0000000C)
    __rt_lib_shutdown                        0x080001c9   Thumb Code     0  libshutdown.o(.ARM.Collect$$libshutdown$$00000000)
    __rt_lib_shutdown_cpp_1                  0x080001cb   Thumb Code     0  libshutdown2.o(.ARM.Collect$$libshutdown$$00000002)
    __rt_lib_shutdown_fp_trap_1              0x080001cb   Thumb Code     0  libshutdown2.o(.ARM.Collect$$libshutdown$$00000007)
    __rt_lib_shutdown_heap_1                 0x080001cb   Thumb Code     0  libshutdown2.o(.ARM.Collect$$libshutdown$$0000000F)
    __rt_lib_shutdown_return                 0x080001cb   Thumb Code     0  libshutdown2.o(.ARM.Collect$$libshutdown$$00000010)
    __rt_lib_shutdown_signal_1               0x080001cb   Thumb Code     0  libshutdown2.o(.ARM.Collect$$libshutdown$$0000000A)
    __rt_lib_shutdown_stdio_1                0x080001cb   Thumb Code     0  libshutdown2.o(.ARM.Collect$$libshutdown$$00000004)
    __rt_lib_shutdown_user_alloc_1           0x080001cb   Thumb Code     0  libshutdown2.o(.ARM.Collect$$libshutdown$$0000000C)
    __rt_entry                               0x080001cd   Thumb Code     0  __rtentry.o(.ARM.Collect$$rtentry$$00000000)
    __rt_entry_presh_1                       0x080001cd   Thumb Code     0  __rtentry2.o(.ARM.Collect$$rtentry$$00000002)
    __rt_entry_sh                            0x080001cd   Thumb Code     0  __rtentry4.o(.ARM.Collect$$rtentry$$00000004)
    __rt_entry_li                            0x080001d3   Thumb Code     0  __rtentry2.o(.ARM.Collect$$rtentry$$0000000A)
    __rt_entry_postsh_1                      0x080001d3   Thumb Code     0  __rtentry2.o(.ARM.Collect$$rtentry$$00000009)
    __rt_entry_main                          0x080001d7   Thumb Code     0  __rtentry2.o(.ARM.Collect$$rtentry$$0000000D)
    __rt_entry_postli_1                      0x080001d7   Thumb Code     0  __rtentry2.o(.ARM.Collect$$rtentry$$0000000C)
    __rt_exit                                0x080001df   Thumb Code     0  rtexit.o(.ARM.Collect$$rtexit$$00000000)
    __rt_exit_ls                             0x080001e1   Thumb Code     0  rtexit2.o(.ARM.Collect$$rtexit$$00000003)
    __rt_exit_prels_1                        0x080001e1   Thumb Code     0  rtexit2.o(.ARM.Collect$$rtexit$$00000002)
    __rt_exit_exit                           0x080001e5   Thumb Code     0  rtexit2.o(.ARM.Collect$$rtexit$$00000004)
    Reset_Handler                            0x080001ed   Thumb Code     8  startup_stm32f105xc.o(.text)
    ADC1_2_IRQHandler                        0x08000207   Thumb Code     0  startup_stm32f105xc.o(.text)
    CAN1_RX1_IRQHandler                      0x08000207   Thumb Code     0  startup_stm32f105xc.o(.text)
    CAN1_SCE_IRQHandler                      0x08000207   Thumb Code     0  startup_stm32f105xc.o(.text)
    CAN1_TX_IRQHandler                       0x08000207   Thumb Code     0  startup_stm32f105xc.o(.text)
    CAN2_RX1_IRQHandler                      0x08000207   Thumb Code     0  startup_stm32f105xc.o(.text)
    CAN2_SCE_IRQHandler                      0x08000207   Thumb Code     0  startup_stm32f105xc.o(.text)
    CAN2_TX_IRQHandler                       0x08000207   Thumb Code     0  startup_stm32f105xc.o(.text)
    DMA1_Channel1_IRQHandler                 0x08000207   Thumb Code     0  startup_stm32f105xc.o(.text)
    DMA1_Channel2_IRQHandler                 0x08000207   Thumb Code     0  startup_stm32f105xc.o(.text)
    DMA1_Channel3_IRQHandler                 0x08000207   Thumb Code     0  startup_stm32f105xc.o(.text)
    DMA1_Channel6_IRQHandler                 0x08000207   Thumb Code     0  startup_stm32f105xc.o(.text)
    DMA1_Channel7_IRQHandler                 0x08000207   Thumb Code     0  startup_stm32f105xc.o(.text)
    DMA2_Channel1_IRQHandler                 0x08000207   Thumb Code     0  startup_stm32f105xc.o(.text)
    DMA2_Channel2_IRQHandler                 0x08000207   Thumb Code     0  startup_stm32f105xc.o(.text)
    DMA2_Channel3_IRQHandler                 0x08000207   Thumb Code     0  startup_stm32f105xc.o(.text)
    DMA2_Channel4_IRQHandler                 0x08000207   Thumb Code     0  startup_stm32f105xc.o(.text)
    DMA2_Channel5_IRQHandler                 0x08000207   Thumb Code     0  startup_stm32f105xc.o(.text)
    EXTI0_IRQHandler                         0x08000207   Thumb Code     0  startup_stm32f105xc.o(.text)
    EXTI15_10_IRQHandler                     0x08000207   Thumb Code     0  startup_stm32f105xc.o(.text)
    EXTI1_IRQHandler                         0x08000207   Thumb Code     0  startup_stm32f105xc.o(.text)
    EXTI2_IRQHandler                         0x08000207   Thumb Code     0  startup_stm32f105xc.o(.text)
    EXTI3_IRQHandler                         0x08000207   Thumb Code     0  startup_stm32f105xc.o(.text)
    EXTI4_IRQHandler                         0x08000207   Thumb Code     0  startup_stm32f105xc.o(.text)
    EXTI9_5_IRQHandler                       0x08000207   Thumb Code     0  startup_stm32f105xc.o(.text)
    FLASH_IRQHandler                         0x08000207   Thumb Code     0  startup_stm32f105xc.o(.text)
    I2C1_ER_IRQHandler                       0x08000207   Thumb Code     0  startup_stm32f105xc.o(.text)
    I2C1_EV_IRQHandler                       0x08000207   Thumb Code     0  startup_stm32f105xc.o(.text)
    I2C2_ER_IRQHandler                       0x08000207   Thumb Code     0  startup_stm32f105xc.o(.text)
    I2C2_EV_IRQHandler                       0x08000207   Thumb Code     0  startup_stm32f105xc.o(.text)
    OTG_FS_IRQHandler                        0x08000207   Thumb Code     0  startup_stm32f105xc.o(.text)
    OTG_FS_WKUP_IRQHandler                   0x08000207   Thumb Code     0  startup_stm32f105xc.o(.text)
    PVD_IRQHandler                           0x08000207   Thumb Code     0  startup_stm32f105xc.o(.text)
    RCC_IRQHandler                           0x08000207   Thumb Code     0  startup_stm32f105xc.o(.text)
    RTC_Alarm_IRQHandler                     0x08000207   Thumb Code     0  startup_stm32f105xc.o(.text)
    RTC_IRQHandler                           0x08000207   Thumb Code     0  startup_stm32f105xc.o(.text)
    SPI1_IRQHandler                          0x08000207   Thumb Code     0  startup_stm32f105xc.o(.text)
    SPI2_IRQHandler                          0x08000207   Thumb Code     0  startup_stm32f105xc.o(.text)
    SPI3_IRQHandler                          0x08000207   Thumb Code     0  startup_stm32f105xc.o(.text)
    TAMPER_IRQHandler                        0x08000207   Thumb Code     0  startup_stm32f105xc.o(.text)
    TIM1_BRK_IRQHandler                      0x08000207   Thumb Code     0  startup_stm32f105xc.o(.text)
    TIM1_CC_IRQHandler                       0x08000207   Thumb Code     0  startup_stm32f105xc.o(.text)
    TIM1_TRG_COM_IRQHandler                  0x08000207   Thumb Code     0  startup_stm32f105xc.o(.text)
    TIM1_UP_IRQHandler                       0x08000207   Thumb Code     0  startup_stm32f105xc.o(.text)
    TIM3_IRQHandler                          0x08000207   Thumb Code     0  startup_stm32f105xc.o(.text)
    TIM4_IRQHandler                          0x08000207   Thumb Code     0  startup_stm32f105xc.o(.text)
    TIM5_IRQHandler                          0x08000207   Thumb Code     0  startup_stm32f105xc.o(.text)
    TIM6_IRQHandler                          0x08000207   Thumb Code     0  startup_stm32f105xc.o(.text)
    TIM7_IRQHandler                          0x08000207   Thumb Code     0  startup_stm32f105xc.o(.text)
    UART4_IRQHandler                         0x08000207   Thumb Code     0  startup_stm32f105xc.o(.text)
    UART5_IRQHandler                         0x08000207   Thumb Code     0  startup_stm32f105xc.o(.text)
    USART2_IRQHandler                        0x08000207   Thumb Code     0  startup_stm32f105xc.o(.text)
    USART3_IRQHandler                        0x08000207   Thumb Code     0  startup_stm32f105xc.o(.text)
    WWDG_IRQHandler                          0x08000207   Thumb Code     0  startup_stm32f105xc.o(.text)
    __user_initial_stackheap                 0x08000209   Thumb Code     0  startup_stm32f105xc.o(.text)
    __aeabi_uldivmod                         0x0800022d   Thumb Code     0  lludivv7m.o(.text)
    _ll_udiv                                 0x0800022d   Thumb Code   238  lludivv7m.o(.text)
    __aeabi_memcpy                           0x0800031b   Thumb Code     0  rt_memcpy_v6.o(.text)
    __rt_memcpy                              0x0800031b   Thumb Code   138  rt_memcpy_v6.o(.text)
    _memcpy_lastbytes                        0x08000381   Thumb Code     0  rt_memcpy_v6.o(.text)
    __aeabi_memclr                           0x080003a5   Thumb Code     0  rt_memclr.o(.text)
    __rt_memclr                              0x080003a5   Thumb Code    68  rt_memclr.o(.text)
    _memset                                  0x080003a9   Thumb Code     0  rt_memclr.o(.text)
    __aeabi_memclr4                          0x080003e9   Thumb Code     0  rt_memclr_w.o(.text)
    __aeabi_memclr8                          0x080003e9   Thumb Code     0  rt_memclr_w.o(.text)
    __rt_memclr_w                            0x080003e9   Thumb Code    78  rt_memclr_w.o(.text)
    _memset_w                                0x080003ed   Thumb Code     0  rt_memclr_w.o(.text)
    __use_two_region_memory                  0x08000437   Thumb Code     2  heapauxi.o(.text)
    __rt_heap_escrow                         0x08000439   Thumb Code     2  heapauxi.o(.text)
    __rt_heap_expand                         0x0800043b   Thumb Code     2  heapauxi.o(.text)
    __read_errno                             0x0800043d   Thumb Code    10  _rserrno.o(.text)
    __set_errno                              0x08000447   Thumb Code    12  _rserrno.o(.text)
    __aeabi_memcpy4                          0x08000453   Thumb Code     0  rt_memcpy_w.o(.text)
    __aeabi_memcpy8                          0x08000453   Thumb Code     0  rt_memcpy_w.o(.text)
    __rt_memcpy_w                            0x08000453   Thumb Code   100  rt_memcpy_w.o(.text)
    _memcpy_lastbytes_aligned                0x0800049b   Thumb Code     0  rt_memcpy_w.o(.text)
    __user_libspace                          0x080004b9   Thumb Code     8  libspace.o(.text)
    __user_perproc_libspace                  0x080004b9   Thumb Code     0  libspace.o(.text)
    __user_perthread_libspace                0x080004b9   Thumb Code     0  libspace.o(.text)
    __aeabi_errno_addr                       0x080004c1   Thumb Code     8  rt_errno_addr_intlibspace.o(.text)
    __errno$intlibspace                      0x080004c1   Thumb Code     0  rt_errno_addr_intlibspace.o(.text)
    __rt_errno_addr$intlibspace              0x080004c1   Thumb Code     0  rt_errno_addr_intlibspace.o(.text)
    __I$use$semihosting                      0x080004c9   Thumb Code     0  use_no_semi.o(.text)
    __use_no_semihosting_swi                 0x080004c9   Thumb Code     2  use_no_semi.o(.text)
    __semihosting_library_function           0x080004cb   Thumb Code     0  indicate_semi.o(.text)
    __user_setup_stackheap                   0x080004cb   Thumb Code    74  sys_stackheap_outer.o(.text)
    exit                                     0x08000515   Thumb Code    18  exit.o(.text)
    _sys_exit                                0x08000529   Thumb Code     8  sys_exit.o(.text)
    BusFault_Handler                         0x08000535   Thumb Code     2  stm32f1xx_it.o(i.BusFault_Handler)
    CAN1_RX0_IRQHandler                      0x08000539   Thumb Code     6  stm32f1xx_it.o(i.CAN1_RX0_IRQHandler)
    CAN2_RX0_IRQHandler                      0x08000545   Thumb Code     6  stm32f1xx_it.o(i.CAN2_RX0_IRQHandler)
    CAN_cmd_chassis                          0x08000551   Thumb Code    60  bsp_can.o(i.CAN_cmd_chassis)
    CAN_cmd_trigger                          0x08000599   Thumb Code    42  bsp_can.o(i.CAN_cmd_trigger)
    CAN_cmd_yaw                              0x080005d1   Thumb Code    42  bsp_can.o(i.CAN_cmd_yaw)
    CRC08_Calculate                          0x08000609   Thumb Code    26  crc8_crc16.o(i.CRC08_Calculate)
    CRC16_Calculate                          0x08000629   Thumb Code    40  crc8_crc16.o(i.CRC16_Calculate)
    Can_Filter_Init                          0x08000659   Thumb Code    80  bsp_can.o(i.Can_Filter_Init)
    DMA1_Channel4_IRQHandler                 0x080006b1   Thumb Code     6  stm32f1xx_it.o(i.DMA1_Channel4_IRQHandler)
    DMA1_Channel5_IRQHandler                 0x080006bd   Thumb Code     6  stm32f1xx_it.o(i.DMA1_Channel5_IRQHandler)
    DebugMon_Handler                         0x080006f3   Thumb Code     2  stm32f1xx_it.o(i.DebugMon_Handler)
    Error_Handler                            0x080006f5   Thumb Code     4  main.o(i.Error_Handler)
    HAL_CAN_ActivateNotification             0x080006f9   Thumb Code    36  stm32f1xx_hal_can.o(i.HAL_CAN_ActivateNotification)
    HAL_CAN_AddTxMessage                     0x0800071d   Thumb Code   188  stm32f1xx_hal_can.o(i.HAL_CAN_AddTxMessage)
    HAL_CAN_ConfigFilter                     0x080007d9   Thumb Code   262  stm32f1xx_hal_can.o(i.HAL_CAN_ConfigFilter)
    HAL_CAN_ErrorCallback                    0x080008e5   Thumb Code     2  stm32f1xx_hal_can.o(i.HAL_CAN_ErrorCallback)
    HAL_CAN_GetRxMessage                     0x080008e7   Thumb Code   244  stm32f1xx_hal_can.o(i.HAL_CAN_GetRxMessage)
    HAL_CAN_IRQHandler                       0x080009db   Thumb Code   508  stm32f1xx_hal_can.o(i.HAL_CAN_IRQHandler)
    HAL_CAN_Init                             0x08000bd7   Thumb Code   282  stm32f1xx_hal_can.o(i.HAL_CAN_Init)
    HAL_CAN_MspInit                          0x08000cf1   Thumb Code   250  can.o(i.HAL_CAN_MspInit)
    HAL_CAN_RxFifo0FullCallback              0x08000e05   Thumb Code     2  stm32f1xx_hal_can.o(i.HAL_CAN_RxFifo0FullCallback)
    HAL_CAN_RxFifo0MsgPendingCallback        0x08000e09   Thumb Code   246  bsp_can.o(i.HAL_CAN_RxFifo0MsgPendingCallback)
    HAL_CAN_RxFifo1FullCallback              0x08000f11   Thumb Code     2  stm32f1xx_hal_can.o(i.HAL_CAN_RxFifo1FullCallback)
    HAL_CAN_RxFifo1MsgPendingCallback        0x08000f13   Thumb Code     2  stm32f1xx_hal_can.o(i.HAL_CAN_RxFifo1MsgPendingCallback)
    HAL_CAN_SleepCallback                    0x08000f15   Thumb Code     2  stm32f1xx_hal_can.o(i.HAL_CAN_SleepCallback)
    HAL_CAN_Start                            0x08000f19   Thumb Code    88  stm32f1xx_hal_can.o(i.HAL_CAN_Start)
    HAL_CAN_TxMailbox0AbortCallback          0x08000f71   Thumb Code     2  stm32f1xx_hal_can.o(i.HAL_CAN_TxMailbox0AbortCallback)
    HAL_CAN_TxMailbox0CompleteCallback       0x08000f73   Thumb Code     2  stm32f1xx_hal_can.o(i.HAL_CAN_TxMailbox0CompleteCallback)
    HAL_CAN_TxMailbox1AbortCallback          0x08000f75   Thumb Code     2  stm32f1xx_hal_can.o(i.HAL_CAN_TxMailbox1AbortCallback)
    HAL_CAN_TxMailbox1CompleteCallback       0x08000f77   Thumb Code     2  stm32f1xx_hal_can.o(i.HAL_CAN_TxMailbox1CompleteCallback)
    HAL_CAN_TxMailbox2AbortCallback          0x08000f79   Thumb Code     2  stm32f1xx_hal_can.o(i.HAL_CAN_TxMailbox2AbortCallback)
    HAL_CAN_TxMailbox2CompleteCallback       0x08000f7b   Thumb Code     2  stm32f1xx_hal_can.o(i.HAL_CAN_TxMailbox2CompleteCallback)
    HAL_CAN_WakeUpFromRxMsgCallback          0x08000f7d   Thumb Code     2  stm32f1xx_hal_can.o(i.HAL_CAN_WakeUpFromRxMsgCallback)
    HAL_DMA_Abort                            0x08000f7f   Thumb Code    70  stm32f1xx_hal_dma.o(i.HAL_DMA_Abort)
    HAL_DMA_Abort_IT                         0x08000fc5   Thumb Code   296  stm32f1xx_hal_dma.o(i.HAL_DMA_Abort_IT)
    HAL_DMA_IRQHandler                       0x080010f5   Thumb Code   552  stm32f1xx_hal_dma.o(i.HAL_DMA_IRQHandler)
    HAL_DMA_Init                             0x0800133d   Thumb Code   112  stm32f1xx_hal_dma.o(i.HAL_DMA_Init)
    HAL_DMA_Start_IT                         0x080013b9   Thumb Code   112  stm32f1xx_hal_dma.o(i.HAL_DMA_Start_IT)
    HAL_Delay                                0x08001429   Thumb Code    32  stm32f1xx_hal.o(i.HAL_Delay)
    HAL_GPIO_Init                            0x0800144d   Thumb Code   446  stm32f1xx_hal_gpio.o(i.HAL_GPIO_Init)
    HAL_GetTick                              0x0800162d   Thumb Code     6  stm32f1xx_hal.o(i.HAL_GetTick)
    HAL_IncTick                              0x08001639   Thumb Code    12  stm32f1xx_hal.o(i.HAL_IncTick)
    HAL_Init                                 0x08001649   Thumb Code    32  stm32f1xx_hal.o(i.HAL_Init)
    HAL_InitTick                             0x0800166d   Thumb Code    54  stm32f1xx_hal.o(i.HAL_InitTick)
    HAL_MspInit                              0x080016ad   Thumb Code    52  stm32f1xx_hal_msp.o(i.HAL_MspInit)
    HAL_NVIC_EnableIRQ                       0x080016e9   Thumb Code    26  stm32f1xx_hal_cortex.o(i.HAL_NVIC_EnableIRQ)
    HAL_NVIC_SetPriority                     0x08001705   Thumb Code    60  stm32f1xx_hal_cortex.o(i.HAL_NVIC_SetPriority)
    HAL_NVIC_SetPriorityGrouping             0x08001745   Thumb Code    26  stm32f1xx_hal_cortex.o(i.HAL_NVIC_SetPriorityGrouping)
    HAL_RCC_ClockConfig                      0x08001769   Thumb Code   280  stm32f1xx_hal_rcc.o(i.HAL_RCC_ClockConfig)
    HAL_RCC_GetPCLK1Freq                     0x08001895   Thumb Code    20  stm32f1xx_hal_rcc.o(i.HAL_RCC_GetPCLK1Freq)
    HAL_RCC_GetPCLK2Freq                     0x080018b5   Thumb Code    20  stm32f1xx_hal_rcc.o(i.HAL_RCC_GetPCLK2Freq)
    HAL_RCC_GetSysClockFreq                  0x080018d5   Thumb Code   122  stm32f1xx_hal_rcc.o(i.HAL_RCC_GetSysClockFreq)
    HAL_RCC_OscConfig                        0x08001961   Thumb Code   974  stm32f1xx_hal_rcc.o(i.HAL_RCC_OscConfig)
    HAL_SYSTICK_Config                       0x08001d45   Thumb Code    40  stm32f1xx_hal_cortex.o(i.HAL_SYSTICK_Config)
    HAL_TIMEx_BreakCallback                  0x08001d6d   Thumb Code     2  stm32f1xx_hal_tim_ex.o(i.HAL_TIMEx_BreakCallback)
    HAL_TIMEx_CommutCallback                 0x08001d6f   Thumb Code     2  stm32f1xx_hal_tim_ex.o(i.HAL_TIMEx_CommutCallback)
    HAL_TIMEx_MasterConfigSynchronization    0x08001d71   Thumb Code    98  stm32f1xx_hal_tim_ex.o(i.HAL_TIMEx_MasterConfigSynchronization)
    HAL_TIM_Base_Init                        0x08001de5   Thumb Code    90  stm32f1xx_hal_tim.o(i.HAL_TIM_Base_Init)
    HAL_TIM_Base_MspInit                     0x08001e41   Thumb Code    50  tim.o(i.HAL_TIM_Base_MspInit)
    HAL_TIM_Base_Start_IT                    0x08001e79   Thumb Code    82  stm32f1xx_hal_tim.o(i.HAL_TIM_Base_Start_IT)
    HAL_TIM_ConfigClockSource                0x08001edd   Thumb Code   220  stm32f1xx_hal_tim.o(i.HAL_TIM_ConfigClockSource)
    HAL_TIM_IC_CaptureCallback               0x08001fb9   Thumb Code     2  stm32f1xx_hal_tim.o(i.HAL_TIM_IC_CaptureCallback)
    HAL_TIM_IRQHandler                       0x08001fbb   Thumb Code   358  stm32f1xx_hal_tim.o(i.HAL_TIM_IRQHandler)
    HAL_TIM_OC_DelayElapsedCallback          0x08002121   Thumb Code     2  stm32f1xx_hal_tim.o(i.HAL_TIM_OC_DelayElapsedCallback)
    HAL_TIM_PWM_PulseFinishedCallback        0x08002123   Thumb Code     2  stm32f1xx_hal_tim.o(i.HAL_TIM_PWM_PulseFinishedCallback)
    HAL_TIM_PeriodElapsedCallback            0x08002125   Thumb Code   186  main.o(i.HAL_TIM_PeriodElapsedCallback)
    HAL_TIM_TriggerCallback                  0x080021f9   Thumb Code     2  stm32f1xx_hal_tim.o(i.HAL_TIM_TriggerCallback)
    HAL_UARTEx_RxEventCallback               0x080021fb   Thumb Code     2  stm32f1xx_hal_uart.o(i.HAL_UARTEx_RxEventCallback)
    HAL_UART_DMAStop                         0x080021fd   Thumb Code   112  stm32f1xx_hal_uart.o(i.HAL_UART_DMAStop)
    HAL_UART_ErrorCallback                   0x0800226d   Thumb Code     2  stm32f1xx_hal_uart.o(i.HAL_UART_ErrorCallback)
    HAL_UART_IRQHandler                      0x08002271   Thumb Code   616  stm32f1xx_hal_uart.o(i.HAL_UART_IRQHandler)
    HAL_UART_Init                            0x080024dd   Thumb Code   100  stm32f1xx_hal_uart.o(i.HAL_UART_Init)
    HAL_UART_MspInit                         0x08002541   Thumb Code   284  usart.o(i.HAL_UART_MspInit)
    HAL_UART_Receive_DMA                     0x08002679   Thumb Code    28  stm32f1xx_hal_uart.o(i.HAL_UART_Receive_DMA)
    HAL_UART_RxCpltCallback                  0x08002695   Thumb Code     2  stm32f1xx_hal_uart.o(i.HAL_UART_RxCpltCallback)
    HAL_UART_RxHalfCpltCallback              0x08002697   Thumb Code     2  stm32f1xx_hal_uart.o(i.HAL_UART_RxHalfCpltCallback)
    HAL_UART_Transmit                        0x08002699   Thumb Code   154  stm32f1xx_hal_uart.o(i.HAL_UART_Transmit)
    HAL_UART_TxCpltCallback                  0x08002733   Thumb Code     2  stm32f1xx_hal_uart.o(i.HAL_UART_TxCpltCallback)
    HardFault_Handler                        0x08002735   Thumb Code     2  stm32f1xx_it.o(i.HardFault_Handler)
    MX_CAN1_Init                             0x08002739   Thumb Code    62  can.o(i.MX_CAN1_Init)
    MX_CAN2_Init                             0x08002781   Thumb Code    62  can.o(i.MX_CAN2_Init)
    MX_DMA_Init                              0x080027c9   Thumb Code    56  dma.o(i.MX_DMA_Init)
    MX_GPIO_Init                             0x08002805   Thumb Code    54  gpio.o(i.MX_GPIO_Init)
    MX_TIM2_Init                             0x08002841   Thumb Code    98  tim.o(i.MX_TIM2_Init)
    MX_USART1_UART_Init                      0x080028a9   Thumb Code    48  usart.o(i.MX_USART1_UART_Init)
    MX_USART3_UART_Init                      0x080028e1   Thumb Code    48  usart.o(i.MX_USART3_UART_Init)
    MemManage_Handler                        0x08002919   Thumb Code     2  stm32f1xx_it.o(i.MemManage_Handler)
    Motor_measure_fun                        0x0800291b   Thumb Code    60  bsp_can.o(i.Motor_measure_fun)
    NMI_Handler                              0x08002957   Thumb Code     2  stm32f1xx_it.o(i.NMI_Handler)
    PID_calc                                 0x08002959   Thumb Code   198  pid.o(i.PID_calc)
    PID_calc_interal_seprate                 0x08002a1f   Thumb Code   216  pid.o(i.PID_calc_interal_seprate)
    PID_init                                 0x08002af7   Thumb Code    56  pid.o(i.PID_init)
    PendSV_Handler                           0x08002b2f   Thumb Code     2  stm32f1xx_it.o(i.PendSV_Handler)
    Referee_Init                             0x08002b31   Thumb Code    44  bsp_referee.o(i.Referee_Init)
    SVC_Handler                              0x08002b69   Thumb Code     2  stm32f1xx_it.o(i.SVC_Handler)
    SysTick_Handler                          0x08002b6b   Thumb Code     4  stm32f1xx_it.o(i.SysTick_Handler)
    SystemClock_Config                       0x08002b71   Thumb Code   100  main.o(i.SystemClock_Config)
    SystemInit                               0x08002bd9   Thumb Code     2  system_stm32f1xx.o(i.SystemInit)
    TIM2_IRQHandler                          0x08002bdd   Thumb Code     6  stm32f1xx_it.o(i.TIM2_IRQHandler)
    TIM_Base_SetConfig                       0x08002be9   Thumb Code   106  stm32f1xx_hal_tim.o(i.TIM_Base_SetConfig)
    TIM_ETR_SetConfig                        0x08002c65   Thumb Code    20  stm32f1xx_hal_tim.o(i.TIM_ETR_SetConfig)
    UART_Start_Receive_DMA                   0x08002fb1   Thumb Code   130  stm32f1xx_hal_uart.o(i.UART_Start_Receive_DMA)
    UI_Draw_Arc                              0x080030b9   Thumb Code   134  referee_ui.o(i.UI_Draw_Arc)
    UI_Draw_Float                            0x08003141   Thumb Code   152  referee_ui.o(i.UI_Draw_Float)
    UI_Draw_Line                             0x080031dd   Thumb Code   112  referee_ui.o(i.UI_Draw_Line)
    UI_Draw_String                           0x0800324d   Thumb Code   146  referee_ui.o(i.UI_Draw_String)
    UI_PushUp_Graphs                         0x080032e1   Thumb Code   234  referee_ui.o(i.UI_PushUp_Graphs)
    UI_PushUp_String                         0x080033d1   Thumb Code    86  referee_ui.o(i.UI_PushUp_String)
    USART1_IRQHandler                        0x0800342d   Thumb Code    88  bsp_referee.o(i.USART1_IRQHandler)
    UsageFault_Handler                       0x08003495   Thumb Code     2  stm32f1xx_it.o(i.UsageFault_Handler)
    XYZ_measure_fun                          0x08003497   Thumb Code    20  bsp_can.o(i.XYZ_measure_fun)
    __ARM_fpclassify                         0x080034ab   Thumb Code    40  fpclassify.o(i.__ARM_fpclassify)
    __ieee754_rem_pio2                       0x080034f5   Thumb Code   828  rred.o(i.__ieee754_rem_pio2)
    __kernel_cos                             0x0800387d   Thumb Code   230  cos_i.o(i.__kernel_cos)
    __kernel_poly                            0x08003979   Thumb Code   170  poly.o(i.__kernel_poly)
    __kernel_sin                             0x08003a25   Thumb Code   224  sin_i.o(i.__kernel_sin)
    __mathlib_dbl_infnan                     0x08003b11   Thumb Code     6  dunder.o(i.__mathlib_dbl_infnan)
    __mathlib_dbl_invalid                    0x08003b17   Thumb Code    12  dunder.o(i.__mathlib_dbl_invalid)
    __mathlib_dbl_underflow                  0x08003b25   Thumb Code    10  dunder.o(i.__mathlib_dbl_underflow)
    chassis_control_loop                     0x08003b35   Thumb Code   218  chassis_task.o(i.chassis_control_loop)
    chassis_feedback_update                  0x08003c11   Thumb Code   158  chassis_task.o(i.chassis_feedback_update)
    chassis_follow                           0x08003cb9   Thumb Code    30  chassis_task.o(i.chassis_follow)
    chassis_init                             0x08003ce9   Thumb Code   148  chassis_task.o(i.chassis_init)
    chassis_power_control                    0x08003d95   Thumb Code   590  chassis_power_control.o(i.chassis_power_control)
    chassis_rc_to_control_vector             0x08004009   Thumb Code    82  chassis_task.o(i.chassis_rc_to_control_vector)
    chassis_set_contorl                      0x08004065   Thumb Code    52  chassis_task.o(i.chassis_set_contorl)
    chassis_spin                             0x08004099   Thumb Code   170  chassis_task.o(i.chassis_spin)
    chassis_wheel_speed                      0x0800414d   Thumb Code    90  chassis_task.o(i.chassis_wheel_speed)
    chassis_wheel_spin_speed                 0x080041ad   Thumb Code    90  chassis_task.o(i.chassis_wheel_spin_speed)
    constrain                                0x0800420d   Thumb Code    36  chassis_task.o(i.constrain)
    cos                                      0x08004231   Thumb Code   148  cos.o(i.cos)
    fifo_s_get                               0x080042cd   Thumb Code    44  fifo.o(i.fifo_s_get)
    fifo_s_init                              0x080042f9   Thumb Code    22  fifo.o(i.fifo_s_init)
    fifo_s_puts                              0x0800430f   Thumb Code   124  fifo.o(i.fifo_s_puts)
    fifo_s_used                              0x0800438b   Thumb Code     4  fifo.o(i.fifo_s_used)
    get_CRC16_check_sum                      0x08004391   Thumb Code    38  crc8_crc16.o(i.get_CRC16_check_sum)
    get_CRC8_check_sum                       0x080043bd   Thumb Code    24  crc8_crc16.o(i.get_CRC8_check_sum)
    get_auto_measure_point                   0x080043d9   Thumb Code     4  bsp_can.o(i.get_auto_measure_point)
    get_channel_measure_point                0x080043e1   Thumb Code     4  bsp_can.o(i.get_channel_measure_point)
    get_chassis_gimbal_angle                 0x080043e9   Thumb Code    52  chassis_task.o(i.get_chassis_gimbal_angle)
    get_chassis_motor_measure_point          0x08004431   Thumb Code    16  bsp_can.o(i.get_chassis_motor_measure_point)
    get_chassis_power_and_buffer_and_max     0x08004445   Thumb Code    32  referee.o(i.get_chassis_power_and_buffer_and_max)
    get_imu_point                            0x08004469   Thumb Code     4  bsp_can.o(i.get_imu_point)
    get_robot_id                             0x08004471   Thumb Code     6  referee.o(i.get_robot_id)
    get_trigger_motor_measure_point          0x0800447d   Thumb Code     4  bsp_can.o(i.get_trigger_motor_measure_point)
    get_trigger_point                        0x08004485   Thumb Code     4  bsp_can.o(i.get_trigger_point)
    get_xyz_point                            0x0800448d   Thumb Code     4  bsp_can.o(i.get_xyz_point)
    get_yaw_motor_measure_point              0x08004495   Thumb Code     4  bsp_can.o(i.get_yaw_motor_measure_point)
    gimbal_control                           0x0800449d   Thumb Code   388  gimbal_task.o(i.gimbal_control)
    gimbal_feedback_update                   0x0800463d   Thumb Code    84  gimbal_task.o(i.gimbal_feedback_update)
    gimbal_init                              0x080046a1   Thumb Code   128  gimbal_task.o(i.gimbal_init)
    init_referee_struct_data                 0x08004745   Thumb Code   108  referee.o(i.init_referee_struct_data)
    main                                     0x080047b9   Thumb Code    84  main.o(i.main)
    referee_data_solve                       0x0800481d   Thumb Code   282  referee.o(i.referee_data_solve)
    referee_unpack_fifo_data                 0x08004941   Thumb Code   266  referee.o(i.referee_unpack_fifo_data)
    referee_usart_task                       0x08004a59   Thumb Code  1668  referee_ui.o(i.referee_usart_task)
    sin                                      0x08005109   Thumb Code   150  sin.o(i.sin)
    sqrt                                     0x080051a9   Thumb Code    76  sqrt.o(i.sqrt)
    trigger_control                          0x080051f5   Thumb Code   172  trigger_task.o(i.trigger_control)
    trigger_feedback_update                  0x080052b5   Thumb Code    30  trigger_task.o(i.trigger_feedback_update)
    trigger_init                             0x080052d9   Thumb Code    66  trigger_task.o(i.trigger_init)
    verify_CRC16_check_sum                   0x0800532d   Thumb Code    54  crc8_crc16.o(i.verify_CRC16_check_sum)
    verify_CRC8_check_sum                    0x08005369   Thumb Code    38  crc8_crc16.o(i.verify_CRC8_check_sum)
    __aeabi_d2f                              0x08005391   Thumb Code     0  d2f.o(x$fpl$d2f)
    _d2f                                     0x08005391   Thumb Code    98  d2f.o(x$fpl$d2f)
    __aeabi_dadd                             0x080053f5   Thumb Code     0  daddsub_clz.o(x$fpl$dadd)
    _dadd                                    0x080053f5   Thumb Code   332  daddsub_clz.o(x$fpl$dadd)
    __fpl_dcheck_NaN1                        0x08005545   Thumb Code    10  dcheck1.o(x$fpl$dcheck1)
    __aeabi_ddiv                             0x08005555   Thumb Code     0  ddiv.o(x$fpl$ddiv)
    _ddiv                                    0x08005555   Thumb Code   552  ddiv.o(x$fpl$ddiv)
    __aeabi_d2iz                             0x08005805   Thumb Code     0  dfix.o(x$fpl$dfix)
    _dfix                                    0x08005805   Thumb Code    94  dfix.o(x$fpl$dfix)
    __aeabi_i2d                              0x08005863   Thumb Code     0  dflt_clz.o(x$fpl$dflt)
    _dflt                                    0x08005863   Thumb Code    46  dflt_clz.o(x$fpl$dflt)
    __aeabi_ui2d                             0x08005891   Thumb Code     0  dflt_clz.o(x$fpl$dfltu)
    _dfltu                                   0x08005891   Thumb Code    38  dflt_clz.o(x$fpl$dfltu)
    __aeabi_dmul                             0x080058b9   Thumb Code     0  dmul.o(x$fpl$dmul)
    _dmul                                    0x080058b9   Thumb Code   332  dmul.o(x$fpl$dmul)
    __fpl_dnaninf                            0x08005a0d   Thumb Code   156  dnaninf.o(x$fpl$dnaninf)
    __fpl_dretinf                            0x08005aa9   Thumb Code    12  dretinf.o(x$fpl$dretinf)
    __aeabi_drsub                            0x08005ab5   Thumb Code     0  daddsub_clz.o(x$fpl$drsb)
    _drsb                                    0x08005ab5   Thumb Code    22  daddsub_clz.o(x$fpl$drsb)
    _dsqrt                                   0x08005acd   Thumb Code   456  dsqrt_noumaal.o(x$fpl$dsqrt)
    __aeabi_dsub                             0x08005c99   Thumb Code     0  daddsub_clz.o(x$fpl$dsub)
    _dsub                                    0x08005c99   Thumb Code   464  daddsub_clz.o(x$fpl$dsub)
    __aeabi_f2d                              0x08005e6d   Thumb Code     0  f2d.o(x$fpl$f2d)
    _f2d                                     0x08005e6d   Thumb Code    86  f2d.o(x$fpl$f2d)
    __aeabi_fadd                             0x08005ec5   Thumb Code     0  faddsub_clz.o(x$fpl$fadd)
    _fadd                                    0x08005ec5   Thumb Code   196  faddsub_clz.o(x$fpl$fadd)
    __fpl_fcheck_NaN1                        0x08005f89   Thumb Code     6  fcheck1.o(x$fpl$fcheck1)
    __fpl_fcmp_Inf                           0x08005f95   Thumb Code    24  fcmpi.o(x$fpl$fcmpinf)
    __aeabi_fdiv                             0x08005fad   Thumb Code     0  fdiv.o(x$fpl$fdiv)
    _fdiv                                    0x08005fad   Thumb Code   384  fdiv.o(x$fpl$fdiv)
    __aeabi_f2iz                             0x08006131   Thumb Code     0  ffix.o(x$fpl$ffix)
    _ffix                                    0x08006131   Thumb Code    54  ffix.o(x$fpl$ffix)
    __aeabi_i2f                              0x08006169   Thumb Code     0  fflt_clz.o(x$fpl$fflt)
    _fflt                                    0x08006169   Thumb Code    48  fflt_clz.o(x$fpl$fflt)
    __aeabi_ui2f                             0x08006199   Thumb Code     0  fflt_clz.o(x$fpl$ffltu)
    _ffltu                                   0x08006199   Thumb Code    38  fflt_clz.o(x$fpl$ffltu)
    __aeabi_cfcmple                          0x080061c1   Thumb Code     0  fleqf.o(x$fpl$fleqf)
    _fcmple                                  0x080061c1   Thumb Code   104  fleqf.o(x$fpl$fleqf)
    __fpl_fcmple_InfNaN                      0x08006213   Thumb Code     0  fleqf.o(x$fpl$fleqf)
    __aeabi_fmul                             0x08006229   Thumb Code     0  fmul.o(x$fpl$fmul)
    _fmul                                    0x08006229   Thumb Code   258  fmul.o(x$fpl$fmul)
    __fpl_fnaninf                            0x0800632b   Thumb Code   140  fnaninf.o(x$fpl$fnaninf)
    __fpl_fretinf                            0x080063b7   Thumb Code    10  fretinf.o(x$fpl$fretinf)
    __aeabi_cfrcmple                         0x080063c1   Thumb Code     0  frleqf.o(x$fpl$frleqf)
    _frcmple                                 0x080063c1   Thumb Code    98  frleqf.o(x$fpl$frleqf)
    __aeabi_frsub                            0x08006423   Thumb Code     0  faddsub_clz.o(x$fpl$frsb)
    _frsb                                    0x08006423   Thumb Code    20  faddsub_clz.o(x$fpl$frsb)
    __aeabi_fsub                             0x08006439   Thumb Code     0  faddsub_clz.o(x$fpl$fsub)
    _fsub                                    0x08006439   Thumb Code   234  faddsub_clz.o(x$fpl$fsub)
    __fpl_return_NaN                         0x08006523   Thumb Code   100  retnan.o(x$fpl$retnan)
    __ARM_scalbn                             0x08006587   Thumb Code    92  scalbn.o(x$fpl$scalbn)
    __ARM_scalbnf                            0x080065e3   Thumb Code    76  scalbnf.o(x$fpl$scalbnf)
    __fpl_cmpreturn                          0x0800662f   Thumb Code    48  trapv.o(x$fpl$trapveneer)
    __I$use$fp                               0x0800665e   Number         0  usenofp.o(x$fpl$usenofp)
    AHBPrescTable                            0x0800667c   Data          16  system_stm32f1xx.o(.constdata)
    APBPrescTable                            0x0800668c   Data           8  system_stm32f1xx.o(.constdata)
    CRC8_table                               0x08006700   Data         256  crc8_crc16.o(.constdata)
    wCRC_table                               0x08006800   Data         512  crc8_crc16.o(.constdata)
    CRC08_Table                              0x08006a00   Data         256  crc8_crc16.o(.constdata)
    CRC16_Table                              0x08006b00   Data         512  crc8_crc16.o(.constdata)
    Region$$Table$$Base                      0x08006e20   Number         0  anon$$obj.o(Region$$Table)
    Region$$Table$$Limit                     0x08006e40   Number         0  anon$$obj.o(Region$$Table)
    time                                     0x20000000   Data           2  main.o(.data)
    uwTickFreq                               0x20000008   Data           1  stm32f1xx_hal.o(.data)
    uwTickPrio                               0x2000000c   Data           4  stm32f1xx_hal.o(.data)
    uwTick                                   0x20000010   Data           4  stm32f1xx_hal.o(.data)
    SystemCoreClock                          0x20000014   Data           4  system_stm32f1xx.o(.data)
    trigger                                  0x20000018   Data           2  bsp_can.o(.data)
    channel                                  0x2000001a   Data           2  bsp_can.o(.data)
    auto_target                              0x2000001c   Data           2  bsp_can.o(.data)
    fric                                     0x2000001e   Data           2  bsp_can.o(.data)
    imu                                      0x20000020   Data           4  bsp_can.o(.data)
    xyz                                      0x20000024   Data           6  bsp_can.o(.data)
    chassis_can_send_data                    0x2000002a   Data           8  bsp_can.o(.data)
    yaw_can_send_data                        0x20000032   Data           8  bsp_can.o(.data)
    trigger_can_send_data                    0x2000003a   Data           8  bsp_can.o(.data)
    rx_data                                  0x20000042   Data           8  bsp_can.o(.data)
    rx_len                                   0x2000004a   Data           1  bsp_referee.o(.data)
    recv_end_flag                            0x2000004b   Data           1  bsp_referee.o(.data)
    flag                                     0x2000004c   Data           1  gimbal_task.o(.data)
    separate                                 0x20000050   Data           4  gimbal_task.o(.data)
    byte_global                              0x20000054   Data           1  referee.o(.data)
    game_result                              0x20000055   Data           1  referee.o(.data)
    buff_musk_t                              0x20000056   Data           1  referee.o(.data)
    robot_energy_t                           0x20000057   Data           1  referee.o(.data)
    robot_hurt_t                             0x20000058   Data           1  referee.o(.data)
    referee_warning_t                        0x20000059   Data           2  referee.o(.data)
    field_event                              0x2000005b   Data           4  referee.o(.data)
    supply_projectile_action_t               0x2000005f   Data           4  referee.o(.data)
    temp                                     0x20000064   Data           4  referee.o(.data)
    referee_receive_header                   0x20000068   Data           5  referee.o(.data)
    referee_send_header                      0x2000006d   Data           5  referee.o(.data)
    bullet_remaining_t                       0x20000072   Data           6  referee.o(.data)
    student_interactive_data_t               0x20000078   Data           6  referee.o(.data)
    shoot_data_t                             0x2000007e   Data           7  referee.o(.data)
    Robot_ID_Current                         0x20000086   Data           1  referee_ui.o(.data)
    y01                                      0x20000088   Data           2  referee_ui.o(.data)
    y02                                      0x2000008a   Data           2  referee_ui.o(.data)
    y03                                      0x2000008c   Data           2  referee_ui.o(.data)
    y04                                      0x2000008e   Data           2  referee_ui.o(.data)
    UI_PushUp_Counter                        0x20000090   Data           2  referee_ui.o(.data)
    CRC16_INIT                               0x20000092   Data           2  crc8_crc16.o(.data)
    chassis_power_buffer                     0x20000094   Data           2  chassis_power_control.o(.data)
    chassis_power                            0x20000098   Data           4  chassis_power_control.o(.data)
    hcan1                                    0x2000009c   Data          40  can.o(.bss)
    hcan2                                    0x200000c4   Data          40  can.o(.bss)
    htim2                                    0x200000ec   Data          72  tim.o(.bss)
    huart1                                   0x20000134   Data          72  usart.o(.bss)
    huart3                                   0x2000017c   Data          72  usart.o(.bss)
    hdma_usart1_rx                           0x200001c4   Data          68  usart.o(.bss)
    hdma_usart1_tx                           0x20000208   Data          68  usart.o(.bss)
    chassis_tx_message                       0x2000024c   Data          24  bsp_can.o(.bss)
    yaw_tx_message                           0x20000264   Data          24  bsp_can.o(.bss)
    trigger_tx_message                       0x2000027c   Data          24  bsp_can.o(.bss)
    motor                                    0x20000294   Data         120  bsp_can.o(.bss)
    rx_buff                                  0x2000030c   Data        1024  bsp_referee.o(.bss)
    referee_fifo                             0x2000070c   Data          24  bsp_referee.o(.bss)
    referee_fifo_buf                         0x20000724   Data        1024  bsp_referee.o(.bss)
    chassis_move                             0x20000b24   Data         628  chassis_task.o(.bss)
    gimbal_move                              0x20000d98   Data         372  gimbal_task.o(.bss)
    trigger_move                             0x20000f0c   Data         200  trigger_task.o(.bss)
    referee_unpack_obj                       0x20000fd4   Data         137  referee.o(.bss)
    game_state                               0x2000105d   Data          11  referee.o(.bss)
    game_robot_HP_t                          0x20001068   Data          28  referee.o(.bss)
    robot_state                              0x20001084   Data          13  referee.o(.bss)
    power_heat_data_t                        0x20001091   Data          16  referee.o(.bss)
    game_robot_pos_t                         0x200010a1   Data          16  referee.o(.bss)
    UI_Graph2                                0x200010b1   Data          45  referee_ui.o(.bss)
    UI_Graph7                                0x200010de   Data         120  referee_ui.o(.bss)
    UI_String                                0x20001156   Data          60  referee_ui.o(.bss)
    UI_String1                               0x20001192   Data          60  referee_ui.o(.bss)
    UI_String2                               0x200011ce   Data          60  referee_ui.o(.bss)
    UI_Graph5_Arc                            0x2000120a   Data          90  referee_ui.o(.bss)
    __libspace_start                         0x20001264   Data          96  libspace.o(.bss)
    __temporary_stack_top$libspace           0x200012c4   Data           0  libspace.o(.bss)



==============================================================================

Memory Map of the image

  Image Entry point : 0x08000151

  Load Region LR_IROM1 (Base: 0x08000000, Size: 0x00006edc, Max: 0x00010000, ABSOLUTE)

    Execution Region ER_IROM1 (Exec base: 0x08000000, Load base: 0x08000000, Size: 0x00006e40, Max: 0x00010000, ABSOLUTE)

    Exec Addr    Load Addr    Size         Type   Attr      Idx    E Section Name        Object

    0x08000000   0x08000000   0x00000150   Data   RO            3    RESET               startup_stm32f105xc.o
    0x08000150   0x08000150   0x00000008   Code   RO         4242  * !!!main             c_w.l(__main.o)
    0x08000158   0x08000158   0x00000034   Code   RO         4599    !!!scatter          c_w.l(__scatter.o)
    0x0800018c   0x0800018c   0x0000001a   Code   RO         4601    !!handler_copy      c_w.l(__scatter_copy.o)
    0x080001a6   0x080001a6   0x00000002   PAD
    0x080001a8   0x080001a8   0x0000001c   Code   RO         4603    !!handler_zi        c_w.l(__scatter_zi.o)
    0x080001c4   0x080001c4   0x00000002   Code   RO         4534    .ARM.Collect$$libinit$$00000000  c_w.l(libinit.o)
    0x080001c6   0x080001c6   0x00000000   Code   RO         4351    .ARM.Collect$$libinit$$00000002  c_w.l(libinit2.o)
    0x080001c6   0x080001c6   0x00000000   Code   RO         4353    .ARM.Collect$$libinit$$00000004  c_w.l(libinit2.o)
    0x080001c6   0x080001c6   0x00000000   Code   RO         4356    .ARM.Collect$$libinit$$0000000A  c_w.l(libinit2.o)
    0x080001c6   0x080001c6   0x00000000   Code   RO         4358    .ARM.Collect$$libinit$$0000000C  c_w.l(libinit2.o)
    0x080001c6   0x080001c6   0x00000000   Code   RO         4360    .ARM.Collect$$libinit$$0000000E  c_w.l(libinit2.o)
    0x080001c6   0x080001c6   0x00000000   Code   RO         4363    .ARM.Collect$$libinit$$00000011  c_w.l(libinit2.o)
    0x080001c6   0x080001c6   0x00000000   Code   RO         4365    .ARM.Collect$$libinit$$00000013  c_w.l(libinit2.o)
    0x080001c6   0x080001c6   0x00000000   Code   RO         4367    .ARM.Collect$$libinit$$00000015  c_w.l(libinit2.o)
    0x080001c6   0x080001c6   0x00000000   Code   RO         4369    .ARM.Collect$$libinit$$00000017  c_w.l(libinit2.o)
    0x080001c6   0x080001c6   0x00000000   Code   RO         4371    .ARM.Collect$$libinit$$00000019  c_w.l(libinit2.o)
    0x080001c6   0x080001c6   0x00000000   Code   RO         4373    .ARM.Collect$$libinit$$0000001B  c_w.l(libinit2.o)
    0x080001c6   0x080001c6   0x00000000   Code   RO         4375    .ARM.Collect$$libinit$$0000001D  c_w.l(libinit2.o)
    0x080001c6   0x080001c6   0x00000000   Code   RO         4377    .ARM.Collect$$libinit$$0000001F  c_w.l(libinit2.o)
    0x080001c6   0x080001c6   0x00000000   Code   RO         4379    .ARM.Collect$$libinit$$00000021  c_w.l(libinit2.o)
    0x080001c6   0x080001c6   0x00000000   Code   RO         4381    .ARM.Collect$$libinit$$00000023  c_w.l(libinit2.o)
    0x080001c6   0x080001c6   0x00000000   Code   RO         4383    .ARM.Collect$$libinit$$00000025  c_w.l(libinit2.o)
    0x080001c6   0x080001c6   0x00000000   Code   RO         4387    .ARM.Collect$$libinit$$0000002C  c_w.l(libinit2.o)
    0x080001c6   0x080001c6   0x00000000   Code   RO         4389    .ARM.Collect$$libinit$$0000002E  c_w.l(libinit2.o)
    0x080001c6   0x080001c6   0x00000000   Code   RO         4391    .ARM.Collect$$libinit$$00000030  c_w.l(libinit2.o)
    0x080001c6   0x080001c6   0x00000000   Code   RO         4393    .ARM.Collect$$libinit$$00000032  c_w.l(libinit2.o)
    0x080001c6   0x080001c6   0x00000002   Code   RO         4394    .ARM.Collect$$libinit$$00000033  c_w.l(libinit2.o)
    0x080001c8   0x080001c8   0x00000002   Code   RO         4596    .ARM.Collect$$libshutdown$$00000000  c_w.l(libshutdown.o)
    0x080001ca   0x080001ca   0x00000000   Code   RO         4554    .ARM.Collect$$libshutdown$$00000002  c_w.l(libshutdown2.o)
    0x080001ca   0x080001ca   0x00000000   Code   RO         4556    .ARM.Collect$$libshutdown$$00000004  c_w.l(libshutdown2.o)
    0x080001ca   0x080001ca   0x00000000   Code   RO         4559    .ARM.Collect$$libshutdown$$00000007  c_w.l(libshutdown2.o)
    0x080001ca   0x080001ca   0x00000000   Code   RO         4562    .ARM.Collect$$libshutdown$$0000000A  c_w.l(libshutdown2.o)
    0x080001ca   0x080001ca   0x00000000   Code   RO         4564    .ARM.Collect$$libshutdown$$0000000C  c_w.l(libshutdown2.o)
    0x080001ca   0x080001ca   0x00000000   Code   RO         4567    .ARM.Collect$$libshutdown$$0000000F  c_w.l(libshutdown2.o)
    0x080001ca   0x080001ca   0x00000002   Code   RO         4568    .ARM.Collect$$libshutdown$$00000010  c_w.l(libshutdown2.o)
    0x080001cc   0x080001cc   0x00000000   Code   RO         4314    .ARM.Collect$$rtentry$$00000000  c_w.l(__rtentry.o)
    0x080001cc   0x080001cc   0x00000000   Code   RO         4446    .ARM.Collect$$rtentry$$00000002  c_w.l(__rtentry2.o)
    0x080001cc   0x080001cc   0x00000006   Code   RO         4458    .ARM.Collect$$rtentry$$00000004  c_w.l(__rtentry4.o)
    0x080001d2   0x080001d2   0x00000000   Code   RO         4448    .ARM.Collect$$rtentry$$00000009  c_w.l(__rtentry2.o)
    0x080001d2   0x080001d2   0x00000004   Code   RO         4449    .ARM.Collect$$rtentry$$0000000A  c_w.l(__rtentry2.o)
    0x080001d6   0x080001d6   0x00000000   Code   RO         4451    .ARM.Collect$$rtentry$$0000000C  c_w.l(__rtentry2.o)
    0x080001d6   0x080001d6   0x00000008   Code   RO         4452    .ARM.Collect$$rtentry$$0000000D  c_w.l(__rtentry2.o)
    0x080001de   0x080001de   0x00000002   Code   RO         4541    .ARM.Collect$$rtexit$$00000000  c_w.l(rtexit.o)
    0x080001e0   0x080001e0   0x00000000   Code   RO         4572    .ARM.Collect$$rtexit$$00000002  c_w.l(rtexit2.o)
    0x080001e0   0x080001e0   0x00000004   Code   RO         4573    .ARM.Collect$$rtexit$$00000003  c_w.l(rtexit2.o)
    0x080001e4   0x080001e4   0x00000006   Code   RO         4574    .ARM.Collect$$rtexit$$00000004  c_w.l(rtexit2.o)
    0x080001ea   0x080001ea   0x00000002   PAD
    0x080001ec   0x080001ec   0x00000040   Code   RO            4    .text               startup_stm32f105xc.o
    0x0800022c   0x0800022c   0x000000ee   Code   RO         4230    .text               c_w.l(lludivv7m.o)
    0x0800031a   0x0800031a   0x0000008a   Code   RO         4234    .text               c_w.l(rt_memcpy_v6.o)
    0x080003a4   0x080003a4   0x00000044   Code   RO         4236    .text               c_w.l(rt_memclr.o)
    0x080003e8   0x080003e8   0x0000004e   Code   RO         4238    .text               c_w.l(rt_memclr_w.o)
    0x08000436   0x08000436   0x00000006   Code   RO         4240    .text               c_w.l(heapauxi.o)
    0x0800043c   0x0800043c   0x00000016   Code   RO         4344    .text               c_w.l(_rserrno.o)
    0x08000452   0x08000452   0x00000064   Code   RO         4346    .text               c_w.l(rt_memcpy_w.o)
    0x080004b6   0x080004b6   0x00000002   PAD
    0x080004b8   0x080004b8   0x00000008   Code   RO         4442    .text               c_w.l(libspace.o)
    0x080004c0   0x080004c0   0x00000008   Code   RO         4465    .text               c_w.l(rt_errno_addr_intlibspace.o)
    0x080004c8   0x080004c8   0x00000002   Code   RO         4506    .text               c_w.l(use_no_semi.o)
    0x080004ca   0x080004ca   0x00000000   Code   RO         4508    .text               c_w.l(indicate_semi.o)
    0x080004ca   0x080004ca   0x0000004a   Code   RO         4509    .text               c_w.l(sys_stackheap_outer.o)
    0x08000514   0x08000514   0x00000012   Code   RO         4515    .text               c_w.l(exit.o)
    0x08000526   0x08000526   0x00000002   PAD
    0x08000528   0x08000528   0x0000000c   Code   RO         4539    .text               c_w.l(sys_exit.o)
    0x08000534   0x08000534   0x00000002   Code   RO          408    i.BusFault_Handler  stm32f1xx_it.o
    0x08000536   0x08000536   0x00000002   PAD
    0x08000538   0x08000538   0x0000000c   Code   RO          409    i.CAN1_RX0_IRQHandler  stm32f1xx_it.o
    0x08000544   0x08000544   0x0000000c   Code   RO          410    i.CAN2_RX0_IRQHandler  stm32f1xx_it.o
    0x08000550   0x08000550   0x00000048   Code   RO         3185    i.CAN_cmd_chassis   bsp_can.o
    0x08000598   0x08000598   0x00000038   Code   RO         3186    i.CAN_cmd_trigger   bsp_can.o
    0x080005d0   0x080005d0   0x00000038   Code   RO         3187    i.CAN_cmd_yaw       bsp_can.o
    0x08000608   0x08000608   0x00000020   Code   RO         4048    i.CRC08_Calculate   crc8_crc16.o
    0x08000628   0x08000628   0x00000030   Code   RO         4051    i.CRC16_Calculate   crc8_crc16.o
    0x08000658   0x08000658   0x00000058   Code   RO         3188    i.Can_Filter_Init   bsp_can.o
    0x080006b0   0x080006b0   0x0000000c   Code   RO          411    i.DMA1_Channel4_IRQHandler  stm32f1xx_it.o
    0x080006bc   0x080006bc   0x0000000c   Code   RO          412    i.DMA1_Channel5_IRQHandler  stm32f1xx_it.o
    0x080006c8   0x080006c8   0x0000002a   Code   RO         1212    i.DMA_SetConfig     stm32f1xx_hal_dma.o
    0x080006f2   0x080006f2   0x00000002   Code   RO          413    i.DebugMon_Handler  stm32f1xx_it.o
    0x080006f4   0x080006f4   0x00000004   Code   RO           13    i.Error_Handler     main.o
    0x080006f8   0x080006f8   0x00000024   Code   RO          575    i.HAL_CAN_ActivateNotification  stm32f1xx_hal_can.o
    0x0800071c   0x0800071c   0x000000bc   Code   RO          576    i.HAL_CAN_AddTxMessage  stm32f1xx_hal_can.o
    0x080007d8   0x080007d8   0x0000010c   Code   RO          577    i.HAL_CAN_ConfigFilter  stm32f1xx_hal_can.o
    0x080008e4   0x080008e4   0x00000002   Code   RO          580    i.HAL_CAN_ErrorCallback  stm32f1xx_hal_can.o
    0x080008e6   0x080008e6   0x000000f4   Code   RO          583    i.HAL_CAN_GetRxMessage  stm32f1xx_hal_can.o
    0x080009da   0x080009da   0x000001fc   Code   RO          587    i.HAL_CAN_IRQHandler  stm32f1xx_hal_can.o
    0x08000bd6   0x08000bd6   0x0000011a   Code   RO          588    i.HAL_CAN_Init      stm32f1xx_hal_can.o
    0x08000cf0   0x08000cf0   0x00000114   Code   RO          245    i.HAL_CAN_MspInit   can.o
    0x08000e04   0x08000e04   0x00000002   Code   RO          595    i.HAL_CAN_RxFifo0FullCallback  stm32f1xx_hal_can.o
    0x08000e06   0x08000e06   0x00000002   PAD
    0x08000e08   0x08000e08   0x00000108   Code   RO         3191    i.HAL_CAN_RxFifo0MsgPendingCallback  bsp_can.o
    0x08000f10   0x08000f10   0x00000002   Code   RO          597    i.HAL_CAN_RxFifo1FullCallback  stm32f1xx_hal_can.o
    0x08000f12   0x08000f12   0x00000002   Code   RO          598    i.HAL_CAN_RxFifo1MsgPendingCallback  stm32f1xx_hal_can.o
    0x08000f14   0x08000f14   0x00000002   Code   RO          599    i.HAL_CAN_SleepCallback  stm32f1xx_hal_can.o
    0x08000f16   0x08000f16   0x00000002   PAD
    0x08000f18   0x08000f18   0x00000058   Code   RO          600    i.HAL_CAN_Start     stm32f1xx_hal_can.o
    0x08000f70   0x08000f70   0x00000002   Code   RO          602    i.HAL_CAN_TxMailbox0AbortCallback  stm32f1xx_hal_can.o
    0x08000f72   0x08000f72   0x00000002   Code   RO          603    i.HAL_CAN_TxMailbox0CompleteCallback  stm32f1xx_hal_can.o
    0x08000f74   0x08000f74   0x00000002   Code   RO          604    i.HAL_CAN_TxMailbox1AbortCallback  stm32f1xx_hal_can.o
    0x08000f76   0x08000f76   0x00000002   Code   RO          605    i.HAL_CAN_TxMailbox1CompleteCallback  stm32f1xx_hal_can.o
    0x08000f78   0x08000f78   0x00000002   Code   RO          606    i.HAL_CAN_TxMailbox2AbortCallback  stm32f1xx_hal_can.o
    0x08000f7a   0x08000f7a   0x00000002   Code   RO          607    i.HAL_CAN_TxMailbox2CompleteCallback  stm32f1xx_hal_can.o
    0x08000f7c   0x08000f7c   0x00000002   Code   RO          609    i.HAL_CAN_WakeUpFromRxMsgCallback  stm32f1xx_hal_can.o
    0x08000f7e   0x08000f7e   0x00000046   Code   RO         1213    i.HAL_DMA_Abort     stm32f1xx_hal_dma.o
    0x08000fc4   0x08000fc4   0x00000130   Code   RO         1214    i.HAL_DMA_Abort_IT  stm32f1xx_hal_dma.o
    0x080010f4   0x080010f4   0x00000248   Code   RO         1218    i.HAL_DMA_IRQHandler  stm32f1xx_hal_dma.o
    0x0800133c   0x0800133c   0x0000007c   Code   RO         1219    i.HAL_DMA_Init      stm32f1xx_hal_dma.o
    0x080013b8   0x080013b8   0x00000070   Code   RO         1223    i.HAL_DMA_Start_IT  stm32f1xx_hal_dma.o
    0x08001428   0x08001428   0x00000024   Code   RO          815    i.HAL_Delay         stm32f1xx_hal.o
    0x0800144c   0x0800144c   0x000001e0   Code   RO         1149    i.HAL_GPIO_Init     stm32f1xx_hal_gpio.o
    0x0800162c   0x0800162c   0x0000000c   Code   RO          819    i.HAL_GetTick       stm32f1xx_hal.o
    0x08001638   0x08001638   0x00000010   Code   RO          825    i.HAL_IncTick       stm32f1xx_hal.o
    0x08001648   0x08001648   0x00000024   Code   RO          826    i.HAL_Init          stm32f1xx_hal.o
    0x0800166c   0x0800166c   0x00000040   Code   RO          827    i.HAL_InitTick      stm32f1xx_hal.o
    0x080016ac   0x080016ac   0x0000003c   Code   RO          514    i.HAL_MspInit       stm32f1xx_hal_msp.o
    0x080016e8   0x080016e8   0x0000001a   Code   RO         1309    i.HAL_NVIC_EnableIRQ  stm32f1xx_hal_cortex.o
    0x08001702   0x08001702   0x00000002   PAD
    0x08001704   0x08001704   0x00000040   Code   RO         1315    i.HAL_NVIC_SetPriority  stm32f1xx_hal_cortex.o
    0x08001744   0x08001744   0x00000024   Code   RO         1316    i.HAL_NVIC_SetPriorityGrouping  stm32f1xx_hal_cortex.o
    0x08001768   0x08001768   0x0000012c   Code   RO          983    i.HAL_RCC_ClockConfig  stm32f1xx_hal_rcc.o
    0x08001894   0x08001894   0x00000020   Code   RO          990    i.HAL_RCC_GetPCLK1Freq  stm32f1xx_hal_rcc.o
    0x080018b4   0x080018b4   0x00000020   Code   RO          991    i.HAL_RCC_GetPCLK2Freq  stm32f1xx_hal_rcc.o
    0x080018d4   0x080018d4   0x0000008c   Code   RO          992    i.HAL_RCC_GetSysClockFreq  stm32f1xx_hal_rcc.o
    0x08001960   0x08001960   0x000003e4   Code   RO          995    i.HAL_RCC_OscConfig  stm32f1xx_hal_rcc.o
    0x08001d44   0x08001d44   0x00000028   Code   RO         1320    i.HAL_SYSTICK_Config  stm32f1xx_hal_cortex.o
    0x08001d6c   0x08001d6c   0x00000002   Code   RO         2515    i.HAL_TIMEx_BreakCallback  stm32f1xx_hal_tim_ex.o
    0x08001d6e   0x08001d6e   0x00000002   Code   RO         2516    i.HAL_TIMEx_CommutCallback  stm32f1xx_hal_tim_ex.o
    0x08001d70   0x08001d70   0x00000074   Code   RO         2534    i.HAL_TIMEx_MasterConfigSynchronization  stm32f1xx_hal_tim_ex.o
    0x08001de4   0x08001de4   0x0000005a   Code   RO         1811    i.HAL_TIM_Base_Init  stm32f1xx_hal_tim.o
    0x08001e3e   0x08001e3e   0x00000002   PAD
    0x08001e40   0x08001e40   0x00000038   Code   RO          318    i.HAL_TIM_Base_MspInit  tim.o
    0x08001e78   0x08001e78   0x00000064   Code   RO         1816    i.HAL_TIM_Base_Start_IT  stm32f1xx_hal_tim.o
    0x08001edc   0x08001edc   0x000000dc   Code   RO         1820    i.HAL_TIM_ConfigClockSource  stm32f1xx_hal_tim.o
    0x08001fb8   0x08001fb8   0x00000002   Code   RO         1845    i.HAL_TIM_IC_CaptureCallback  stm32f1xx_hal_tim.o
    0x08001fba   0x08001fba   0x00000166   Code   RO         1859    i.HAL_TIM_IRQHandler  stm32f1xx_hal_tim.o
    0x08002120   0x08002120   0x00000002   Code   RO         1862    i.HAL_TIM_OC_DelayElapsedCallback  stm32f1xx_hal_tim.o
    0x08002122   0x08002122   0x00000002   Code   RO         1889    i.HAL_TIM_PWM_PulseFinishedCallback  stm32f1xx_hal_tim.o
    0x08002124   0x08002124   0x000000d4   Code   RO           14    i.HAL_TIM_PeriodElapsedCallback  main.o
    0x080021f8   0x080021f8   0x00000002   Code   RO         1902    i.HAL_TIM_TriggerCallback  stm32f1xx_hal_tim.o
    0x080021fa   0x080021fa   0x00000002   Code   RO         2794    i.HAL_UARTEx_RxEventCallback  stm32f1xx_hal_uart.o
    0x080021fc   0x080021fc   0x00000070   Code   RO         2806    i.HAL_UART_DMAStop  stm32f1xx_hal_uart.o
    0x0800226c   0x0800226c   0x00000002   Code   RO         2808    i.HAL_UART_ErrorCallback  stm32f1xx_hal_uart.o
    0x0800226e   0x0800226e   0x00000002   PAD
    0x08002270   0x08002270   0x0000026c   Code   RO         2811    i.HAL_UART_IRQHandler  stm32f1xx_hal_uart.o
    0x080024dc   0x080024dc   0x00000064   Code   RO         2812    i.HAL_UART_Init     stm32f1xx_hal_uart.o
    0x08002540   0x08002540   0x00000138   Code   RO          360    i.HAL_UART_MspInit  usart.o
    0x08002678   0x08002678   0x0000001c   Code   RO         2816    i.HAL_UART_Receive_DMA  stm32f1xx_hal_uart.o
    0x08002694   0x08002694   0x00000002   Code   RO         2818    i.HAL_UART_RxCpltCallback  stm32f1xx_hal_uart.o
    0x08002696   0x08002696   0x00000002   Code   RO         2819    i.HAL_UART_RxHalfCpltCallback  stm32f1xx_hal_uart.o
    0x08002698   0x08002698   0x0000009a   Code   RO         2820    i.HAL_UART_Transmit  stm32f1xx_hal_uart.o
    0x08002732   0x08002732   0x00000002   Code   RO         2823    i.HAL_UART_TxCpltCallback  stm32f1xx_hal_uart.o
    0x08002734   0x08002734   0x00000002   Code   RO          414    i.HardFault_Handler  stm32f1xx_it.o
    0x08002736   0x08002736   0x00000002   PAD
    0x08002738   0x08002738   0x00000048   Code   RO          246    i.MX_CAN1_Init      can.o
    0x08002780   0x08002780   0x00000048   Code   RO          247    i.MX_CAN2_Init      can.o
    0x080027c8   0x080027c8   0x0000003c   Code   RO          293    i.MX_DMA_Init       dma.o
    0x08002804   0x08002804   0x0000003c   Code   RO          220    i.MX_GPIO_Init      gpio.o
    0x08002840   0x08002840   0x00000068   Code   RO          319    i.MX_TIM2_Init      tim.o
    0x080028a8   0x080028a8   0x00000038   Code   RO          361    i.MX_USART1_UART_Init  usart.o
    0x080028e0   0x080028e0   0x00000038   Code   RO          362    i.MX_USART3_UART_Init  usart.o
    0x08002918   0x08002918   0x00000002   Code   RO          415    i.MemManage_Handler  stm32f1xx_it.o
    0x0800291a   0x0800291a   0x0000003c   Code   RO         3194    i.Motor_measure_fun  bsp_can.o
    0x08002956   0x08002956   0x00000002   Code   RO          416    i.NMI_Handler       stm32f1xx_it.o
    0x08002958   0x08002958   0x000000c6   Code   RO         3417    i.PID_calc          pid.o
    0x08002a1e   0x08002a1e   0x000000d8   Code   RO         3418    i.PID_calc_interal_seprate  pid.o
    0x08002af6   0x08002af6   0x00000038   Code   RO         3420    i.PID_init          pid.o
    0x08002b2e   0x08002b2e   0x00000002   Code   RO          417    i.PendSV_Handler    stm32f1xx_it.o
    0x08002b30   0x08002b30   0x00000038   Code   RO         3374    i.Referee_Init      bsp_referee.o
    0x08002b68   0x08002b68   0x00000002   Code   RO          418    i.SVC_Handler       stm32f1xx_it.o
    0x08002b6a   0x08002b6a   0x00000004   Code   RO          419    i.SysTick_Handler   stm32f1xx_it.o
    0x08002b6e   0x08002b6e   0x00000002   PAD
    0x08002b70   0x08002b70   0x00000068   Code   RO           15    i.SystemClock_Config  main.o
    0x08002bd8   0x08002bd8   0x00000002   Code   RO         3146    i.SystemInit        system_stm32f1xx.o
    0x08002bda   0x08002bda   0x00000002   PAD
    0x08002bdc   0x08002bdc   0x0000000c   Code   RO          420    i.TIM2_IRQHandler   stm32f1xx_it.o
    0x08002be8   0x08002be8   0x0000007c   Code   RO         1904    i.TIM_Base_SetConfig  stm32f1xx_hal_tim.o
    0x08002c64   0x08002c64   0x00000014   Code   RO         1915    i.TIM_ETR_SetConfig  stm32f1xx_hal_tim.o
    0x08002c78   0x08002c78   0x00000010   Code   RO         1916    i.TIM_ITRx_SetConfig  stm32f1xx_hal_tim.o
    0x08002c88   0x08002c88   0x00000022   Code   RO         1922    i.TIM_TI1_ConfigInputStage  stm32f1xx_hal_tim.o
    0x08002caa   0x08002caa   0x00000024   Code   RO         1924    i.TIM_TI2_ConfigInputStage  stm32f1xx_hal_tim.o
    0x08002cce   0x08002cce   0x00000010   Code   RO         2825    i.UART_DMAAbortOnError  stm32f1xx_hal_uart.o
    0x08002cde   0x08002cde   0x0000004a   Code   RO         2826    i.UART_DMAError     stm32f1xx_hal_uart.o
    0x08002d28   0x08002d28   0x00000086   Code   RO         2827    i.UART_DMAReceiveCplt  stm32f1xx_hal_uart.o
    0x08002dae   0x08002dae   0x0000001e   Code   RO         2829    i.UART_DMARxHalfCplt  stm32f1xx_hal_uart.o
    0x08002dcc   0x08002dcc   0x0000004e   Code   RO         2835    i.UART_EndRxTransfer  stm32f1xx_hal_uart.o
    0x08002e1a   0x08002e1a   0x0000001c   Code   RO         2836    i.UART_EndTxTransfer  stm32f1xx_hal_uart.o
    0x08002e36   0x08002e36   0x000000c2   Code   RO         2837    i.UART_Receive_IT   stm32f1xx_hal_uart.o
    0x08002ef8   0x08002ef8   0x000000b8   Code   RO         2838    i.UART_SetConfig    stm32f1xx_hal_uart.o
    0x08002fb0   0x08002fb0   0x00000090   Code   RO         2839    i.UART_Start_Receive_DMA  stm32f1xx_hal_uart.o
    0x08003040   0x08003040   0x00000078   Code   RO         2841    i.UART_WaitOnFlagUntilTimeout  stm32f1xx_hal_uart.o
    0x080030b8   0x080030b8   0x00000086   Code   RO         3722    i.UI_Draw_Arc       referee_ui.o
    0x0800313e   0x0800313e   0x00000002   PAD
    0x08003140   0x08003140   0x0000009c   Code   RO         3725    i.UI_Draw_Float     referee_ui.o
    0x080031dc   0x080031dc   0x00000070   Code   RO         3726    i.UI_Draw_Line      referee_ui.o
    0x0800324c   0x0800324c   0x00000092   Code   RO         3728    i.UI_Draw_String    referee_ui.o
    0x080032de   0x080032de   0x00000002   PAD
    0x080032e0   0x080032e0   0x000000f0   Code   RO         3730    i.UI_PushUp_Graphs  referee_ui.o
    0x080033d0   0x080033d0   0x0000005c   Code   RO         3731    i.UI_PushUp_String  referee_ui.o
    0x0800342c   0x0800342c   0x00000068   Code   RO         3375    i.USART1_IRQHandler  bsp_referee.o
    0x08003494   0x08003494   0x00000002   Code   RO          421    i.UsageFault_Handler  stm32f1xx_it.o
    0x08003496   0x08003496   0x00000014   Code   RO         3196    i.XYZ_measure_fun   bsp_can.o
    0x080034aa   0x080034aa   0x00000028   Code   RO         4502    i.__ARM_fpclassify  m_ws.l(fpclassify.o)
    0x080034d2   0x080034d2   0x00000020   Code   RO         1322    i.__NVIC_SetPriority  stm32f1xx_hal_cortex.o
    0x080034f2   0x080034f2   0x00000002   PAD
    0x080034f4   0x080034f4   0x00000388   Code   RO         4429    i.__ieee754_rem_pio2  m_ws.l(rred.o)
    0x0800387c   0x0800387c   0x000000fc   Code   RO         4412    i.__kernel_cos      m_ws.l(cos_i.o)
    0x08003978   0x08003978   0x000000aa   Code   RO         4504    i.__kernel_poly     m_ws.l(poly.o)
    0x08003a22   0x08003a22   0x00000002   PAD
    0x08003a24   0x08003a24   0x000000ec   Code   RO         4434    i.__kernel_sin      m_ws.l(sin_i.o)
    0x08003b10   0x08003b10   0x00000006   Code   RO         4416    i.__mathlib_dbl_infnan  m_ws.l(dunder.o)
    0x08003b16   0x08003b16   0x0000000c   Code   RO         4418    i.__mathlib_dbl_invalid  m_ws.l(dunder.o)
    0x08003b22   0x08003b22   0x00000002   PAD
    0x08003b24   0x08003b24   0x00000010   Code   RO         4421    i.__mathlib_dbl_underflow  m_ws.l(dunder.o)
    0x08003b34   0x08003b34   0x000000da   Code   RO         3462    i.chassis_control_loop  chassis_task.o
    0x08003c0e   0x08003c0e   0x00000002   PAD
    0x08003c10   0x08003c10   0x000000a8   Code   RO         3463    i.chassis_feedback_update  chassis_task.o
    0x08003cb8   0x08003cb8   0x00000030   Code   RO         3464    i.chassis_follow    chassis_task.o
    0x08003ce8   0x08003ce8   0x000000ac   Code   RO         3465    i.chassis_init      chassis_task.o
    0x08003d94   0x08003d94   0x00000274   Code   RO         4142    i.chassis_power_control  chassis_power_control.o
    0x08004008   0x08004008   0x0000005c   Code   RO         3466    i.chassis_rc_to_control_vector  chassis_task.o
    0x08004064   0x08004064   0x00000034   Code   RO         3467    i.chassis_set_contorl  chassis_task.o
    0x08004098   0x08004098   0x000000b4   Code   RO         3468    i.chassis_spin      chassis_task.o
    0x0800414c   0x0800414c   0x00000060   Code   RO         3469    i.chassis_wheel_speed  chassis_task.o
    0x080041ac   0x080041ac   0x00000060   Code   RO         3470    i.chassis_wheel_spin_speed  chassis_task.o
    0x0800420c   0x0800420c   0x00000024   Code   RO         3471    i.constrain         chassis_task.o
    0x08004230   0x08004230   0x0000009c   Code   RO         4289    i.cos               m_ws.l(cos.o)
    0x080042cc   0x080042cc   0x0000002c   Code   RO         3848    i.fifo_s_get        fifo.o
    0x080042f8   0x080042f8   0x00000016   Code   RO         3851    i.fifo_s_init       fifo.o
    0x0800430e   0x0800430e   0x0000007c   Code   RO         3857    i.fifo_s_puts       fifo.o
    0x0800438a   0x0800438a   0x00000004   Code   RO         3859    i.fifo_s_used       fifo.o
    0x0800438e   0x0800438e   0x00000002   PAD
    0x08004390   0x08004390   0x0000002c   Code   RO         4055    i.get_CRC16_check_sum  crc8_crc16.o
    0x080043bc   0x080043bc   0x0000001c   Code   RO         4056    i.get_CRC8_check_sum  crc8_crc16.o
    0x080043d8   0x080043d8   0x00000008   Code   RO         3197    i.get_auto_measure_point  bsp_can.o
    0x080043e0   0x080043e0   0x00000008   Code   RO         3198    i.get_channel_measure_point  bsp_can.o
    0x080043e8   0x080043e8   0x00000048   Code   RO         3472    i.get_chassis_gimbal_angle  chassis_task.o
    0x08004430   0x08004430   0x00000014   Code   RO         3199    i.get_chassis_motor_measure_point  bsp_can.o
    0x08004444   0x08004444   0x00000024   Code   RO         3655    i.get_chassis_power_and_buffer_and_max  referee.o
    0x08004468   0x08004468   0x00000008   Code   RO         3201    i.get_imu_point     bsp_can.o
    0x08004470   0x08004470   0x0000000c   Code   RO         3658    i.get_robot_id      referee.o
    0x0800447c   0x0800447c   0x00000008   Code   RO         3202    i.get_trigger_motor_measure_point  bsp_can.o
    0x08004484   0x08004484   0x00000008   Code   RO         3203    i.get_trigger_point  bsp_can.o
    0x0800448c   0x0800448c   0x00000008   Code   RO         3204    i.get_xyz_point     bsp_can.o
    0x08004494   0x08004494   0x00000008   Code   RO         3205    i.get_yaw_motor_measure_point  bsp_can.o
    0x0800449c   0x0800449c   0x000001a0   Code   RO         3564    i.gimbal_control    gimbal_task.o
    0x0800463c   0x0800463c   0x00000064   Code   RO         3565    i.gimbal_feedback_update  gimbal_task.o
    0x080046a0   0x080046a0   0x000000a4   Code   RO         3566    i.gimbal_init       gimbal_task.o
    0x08004744   0x08004744   0x00000074   Code   RO         3659    i.init_referee_struct_data  referee.o
    0x080047b8   0x080047b8   0x00000064   Code   RO           16    i.main              main.o
    0x0800481c   0x0800481c   0x00000124   Code   RO         3660    i.referee_data_solve  referee.o
    0x08004940   0x08004940   0x00000118   Code   RO         3661    i.referee_unpack_fifo_data  referee.o
    0x08004a58   0x08004a58   0x000006b0   Code   RO         3732    i.referee_usart_task  referee_ui.o
    0x08005108   0x08005108   0x000000a0   Code   RO         4297    i.sin               m_ws.l(sin.o)
    0x080051a8   0x080051a8   0x0000004c   Code   RO         4305    i.sqrt              m_ws.l(sqrt.o)
    0x080051f4   0x080051f4   0x000000c0   Code   RO         3609    i.trigger_control   trigger_task.o
    0x080052b4   0x080052b4   0x00000024   Code   RO         3610    i.trigger_feedback_update  trigger_task.o
    0x080052d8   0x080052d8   0x00000054   Code   RO         3611    i.trigger_init      trigger_task.o
    0x0800532c   0x0800532c   0x0000003c   Code   RO         4057    i.verify_CRC16_check_sum  crc8_crc16.o
    0x08005368   0x08005368   0x00000026   Code   RO         4058    i.verify_CRC8_check_sum  crc8_crc16.o
    0x0800538e   0x0800538e   0x00000002   PAD
    0x08005390   0x08005390   0x00000062   Code   RO         4244    x$fpl$d2f           fz_ws.l(d2f.o)
    0x080053f2   0x080053f2   0x00000002   PAD
    0x080053f4   0x080053f4   0x00000150   Code   RO         4246    x$fpl$dadd          fz_ws.l(daddsub_clz.o)
    0x08005544   0x08005544   0x00000010   Code   RO         4535    x$fpl$dcheck1       fz_ws.l(dcheck1.o)
    0x08005554   0x08005554   0x000002b0   Code   RO         4253    x$fpl$ddiv          fz_ws.l(ddiv.o)
    0x08005804   0x08005804   0x0000005e   Code   RO         4486    x$fpl$dfix          fz_ws.l(dfix.o)
    0x08005862   0x08005862   0x0000002e   Code   RO         4491    x$fpl$dflt          fz_ws.l(dflt_clz.o)
    0x08005890   0x08005890   0x00000026   Code   RO         4490    x$fpl$dfltu         fz_ws.l(dflt_clz.o)
    0x080058b6   0x080058b6   0x00000002   PAD
    0x080058b8   0x080058b8   0x00000154   Code   RO         4256    x$fpl$dmul          fz_ws.l(dmul.o)
    0x08005a0c   0x08005a0c   0x0000009c   Code   RO         4397    x$fpl$dnaninf       fz_ws.l(dnaninf.o)
    0x08005aa8   0x08005aa8   0x0000000c   Code   RO         4399    x$fpl$dretinf       fz_ws.l(dretinf.o)
    0x08005ab4   0x08005ab4   0x00000016   Code   RO         4247    x$fpl$drsb          fz_ws.l(daddsub_clz.o)
    0x08005aca   0x08005aca   0x00000002   PAD
    0x08005acc   0x08005acc   0x000001cc   Code   RO         4401    x$fpl$dsqrt         fz_ws.l(dsqrt_noumaal.o)
    0x08005c98   0x08005c98   0x000001d4   Code   RO         4248    x$fpl$dsub          fz_ws.l(daddsub_clz.o)
    0x08005e6c   0x08005e6c   0x00000056   Code   RO         4258    x$fpl$f2d           fz_ws.l(f2d.o)
    0x08005ec2   0x08005ec2   0x00000002   PAD
    0x08005ec4   0x08005ec4   0x000000c4   Code   RO         4260    x$fpl$fadd          fz_ws.l(faddsub_clz.o)
    0x08005f88   0x08005f88   0x0000000c   Code   RO         4403    x$fpl$fcheck1       fz_ws.l(fcheck1.o)
    0x08005f94   0x08005f94   0x00000018   Code   RO         4405    x$fpl$fcmpinf       fz_ws.l(fcmpi.o)
    0x08005fac   0x08005fac   0x00000184   Code   RO         4267    x$fpl$fdiv          fz_ws.l(fdiv.o)
    0x08006130   0x08006130   0x00000036   Code   RO         4270    x$fpl$ffix          fz_ws.l(ffix.o)
    0x08006166   0x08006166   0x00000002   PAD
    0x08006168   0x08006168   0x00000030   Code   RO         4275    x$fpl$fflt          fz_ws.l(fflt_clz.o)
    0x08006198   0x08006198   0x00000026   Code   RO         4274    x$fpl$ffltu         fz_ws.l(fflt_clz.o)
    0x080061be   0x080061be   0x00000002   PAD
    0x080061c0   0x080061c0   0x00000068   Code   RO         4280    x$fpl$fleqf         fz_ws.l(fleqf.o)
    0x08006228   0x08006228   0x00000102   Code   RO         4282    x$fpl$fmul          fz_ws.l(fmul.o)
    0x0800632a   0x0800632a   0x0000008c   Code   RO         4407    x$fpl$fnaninf       fz_ws.l(fnaninf.o)
    0x080063b6   0x080063b6   0x0000000a   Code   RO         4409    x$fpl$fretinf       fz_ws.l(fretinf.o)
    0x080063c0   0x080063c0   0x00000062   Code   RO         4284    x$fpl$frleqf        fz_ws.l(frleqf.o)
    0x08006422   0x08006422   0x00000014   Code   RO         4261    x$fpl$frsb          fz_ws.l(faddsub_clz.o)
    0x08006436   0x08006436   0x00000002   PAD
    0x08006438   0x08006438   0x000000ea   Code   RO         4262    x$fpl$fsub          fz_ws.l(faddsub_clz.o)
    0x08006522   0x08006522   0x00000064   Code   RO         4498    x$fpl$retnan        fz_ws.l(retnan.o)
    0x08006586   0x08006586   0x0000005c   Code   RO         4500    x$fpl$scalbn        fz_ws.l(scalbn.o)
    0x080065e2   0x080065e2   0x0000004c   Code   RO         4286    x$fpl$scalbnf       fz_ws.l(scalbnf.o)
    0x0800662e   0x0800662e   0x00000030   Code   RO         4537    x$fpl$trapveneer    fz_ws.l(trapv.o)
    0x0800665e   0x0800665e   0x00000000   Code   RO         4411    x$fpl$usenofp       fz_ws.l(usenofp.o)
    0x0800665e   0x0800665e   0x0000001e   Data   RO          996    .constdata          stm32f1xx_hal_rcc.o
    0x0800667c   0x0800667c   0x00000010   Data   RO         3147    .constdata          system_stm32f1xx.o
    0x0800668c   0x0800668c   0x00000008   Data   RO         3148    .constdata          system_stm32f1xx.o
    0x08006694   0x08006694   0x00000024   Data   RO         3474    .constdata          chassis_task.o
    0x080066b8   0x080066b8   0x00000030   Data   RO         3568    .constdata          gimbal_task.o
    0x080066e8   0x080066e8   0x00000018   Data   RO         3613    .constdata          trigger_task.o
    0x08006700   0x08006700   0x00000600   Data   RO         4060    .constdata          crc8_crc16.o
    0x08006d00   0x08006d00   0x00000030   Data   RO         4413    .constdata          m_ws.l(cos_i.o)
    0x08006d30   0x08006d30   0x000000c8   Data   RO         4431    .constdata          m_ws.l(rred.o)
    0x08006df8   0x08006df8   0x00000028   Data   RO         4435    .constdata          m_ws.l(sin_i.o)
    0x08006e20   0x08006e20   0x00000020   Data   RO         4597    Region$$Table       anon$$obj.o


    Execution Region RW_IRAM1 (Exec base: 0x20000000, Load base: 0x08006e40, Size: 0x000018c8, Max: 0x00010000, ABSOLUTE)

    Exec Addr    Load Addr    Size         Type   Attr      Idx    E Section Name        Object

    0x20000000   0x08006e40   0x00000002   Data   RW           17    .data               main.o
    0x20000002   0x08006e42   0x00000002   PAD
    0x20000004   0x08006e44   0x00000004   Data   RW          249    .data               can.o
    0x20000008   0x08006e48   0x0000000c   Data   RW          833    .data               stm32f1xx_hal.o
    0x20000014   0x08006e54   0x00000004   Data   RW         3149    .data               system_stm32f1xx.o
    0x20000018   0x08006e58   0x00000032   Data   RW         3207    .data               bsp_can.o
    0x2000004a   0x08006e8a   0x00000002   Data   RW         3378    .data               bsp_referee.o
    0x2000004c   0x08006e8c   0x00000008   Data   RW         3569    .data               gimbal_task.o
    0x20000054   0x08006e94   0x00000031   Data   RW         3663    .data               referee.o
    0x20000085   0x08006ec5   0x00000001   PAD
    0x20000086   0x08006ec6   0x0000000c   Data   RW         3744    .data               referee_ui.o
    0x20000092   0x08006ed2   0x00000002   Data   RW         4061    .data               crc8_crc16.o
    0x20000094   0x08006ed4   0x00000008   Data   RW         4143    .data               chassis_power_control.o
    0x2000009c        -       0x00000050   Zero   RW          248    .bss                can.o
    0x200000ec        -       0x00000048   Zero   RW          320    .bss                tim.o
    0x20000134        -       0x00000118   Zero   RW          363    .bss                usart.o
    0x2000024c        -       0x000000c0   Zero   RW         3206    .bss                bsp_can.o
    0x2000030c        -       0x00000818   Zero   RW         3376    .bss                bsp_referee.o
    0x20000b24        -       0x00000274   Zero   RW         3473    .bss                chassis_task.o
    0x20000d98        -       0x00000174   Zero   RW         3567    .bss                gimbal_task.o
    0x20000f0c        -       0x000000c8   Zero   RW         3612    .bss                trigger_task.o
    0x20000fd4        -       0x000000dd   Zero   RW         3662    .bss                referee.o
    0x200010b1        -       0x000001b3   Zero   RW         3734    .bss                referee_ui.o
    0x20001264        -       0x00000060   Zero   RW         4443    .bss                c_w.l(libspace.o)
    0x200012c4   0x08006edc   0x00000004   PAD
    0x200012c8        -       0x00000200   Zero   RW            2    HEAP                startup_stm32f105xc.o
    0x200014c8        -       0x00000400   Zero   RW            1    STACK               startup_stm32f105xc.o


==============================================================================

Image component sizes


      Code (inc. data)   RO Data    RW Data    ZI Data      Debug   Object Name

       692         98          0         50        192      10618   bsp_can.o
       160         28          0          2       2072       1895   bsp_referee.o
       420         46          0          4         80       2386   can.o
       628         38          0          8          0       2281   chassis_power_control.o
      1230        104         36          0        628      17480   chassis_task.o
       250         30       1536          2          0       4755   crc8_crc16.o
        60          4          0          0          0        726   dma.o
       194          0          0          0          0       7581   fifo.o
       680         80         48          8        372       3618   gimbal_task.o
        60          6          0          0          0        775   gpio.o
       420         46          0          2          0     622854   main.o
       470          0          0          0          0       3041   pid.o
       736         48          0         49        221       4700   referee.o
      2592        180          0         12        435      16523   referee_ui.o
        64         26        336          0       1536        792   startup_stm32f105xc.o
       164         28          0         12          0       6821   stm32f1xx_hal.o
      1638          6          0          0          0      13259   stm32f1xx_hal_can.o
       198         14          0          0          0      28815   stm32f1xx_hal_cortex.o
      1236         52          0          0          0       4978   stm32f1xx_hal_dma.o
       480         34          0          0          0       2224   stm32f1xx_hal_gpio.o
        60          8          0          0          0        830   stm32f1xx_hal_msp.o
      1500         84         30          0          0       5276   stm32f1xx_hal_rcc.o
      1006         36          0          0          0       9473   stm32f1xx_hal_tim.o
       120         18          0          0          0       2321   stm32f1xx_hal_tim_ex.o
      2026         24          0          0          0      14865   stm32f1xx_hal_uart.o
        80         30          0          0          0       5786   stm32f1xx_it.o
         2          0         24          4          0       1059   system_stm32f1xx.o
       160         12          0          0         72       1582   tim.o
       312         44         24          0        200       3146   trigger_task.o
       424         44          0          0        280       2493   usart.o

    ----------------------------------------------------------------------
     18092       1168       2066        156       6088     802953   Object Totals
         0          0         32          0          0          0   (incl. Generated)
        30          0          0          3          0          0   (incl. Padding)

    ----------------------------------------------------------------------

      Code (inc. data)   RO Data    RW Data    ZI Data      Debug   Library Member Name

         8          0          0          0          0         68   __main.o
         0          0          0          0          0          0   __rtentry.o
        12          0          0          0          0          0   __rtentry2.o
         6          0          0          0          0          0   __rtentry4.o
        52          8          0          0          0          0   __scatter.o
        26          0          0          0          0          0   __scatter_copy.o
        28          0          0          0          0          0   __scatter_zi.o
        22          0          0          0          0        100   _rserrno.o
        18          0          0          0          0         80   exit.o
         6          0          0          0          0        152   heapauxi.o
         0          0          0          0          0          0   indicate_semi.o
         2          0          0          0          0          0   libinit.o
         2          0          0          0          0          0   libinit2.o
         2          0          0          0          0          0   libshutdown.o
         2          0          0          0          0          0   libshutdown2.o
         8          4          0          0         96         68   libspace.o
       238          0          0          0          0        100   lludivv7m.o
         8          4          0          0          0         68   rt_errno_addr_intlibspace.o
        68          0          0          0          0         68   rt_memclr.o
        78          0          0          0          0         80   rt_memclr_w.o
       138          0          0          0          0         68   rt_memcpy_v6.o
       100          0          0          0          0         80   rt_memcpy_w.o
         2          0          0          0          0          0   rtexit.o
        10          0          0          0          0          0   rtexit2.o
        12          4          0          0          0         68   sys_exit.o
        74          0          0          0          0         80   sys_stackheap_outer.o
         2          0          0          0          0         68   use_no_semi.o
        98          4          0          0          0         92   d2f.o
       826         16          0          0          0        348   daddsub_clz.o
        16          4          0          0          0         68   dcheck1.o
       688        140          0          0          0        208   ddiv.o
        94          4          0          0          0         92   dfix.o
        84          0          0          0          0        136   dflt_clz.o
       340         12          0          0          0        104   dmul.o
       156          4          0          0          0         92   dnaninf.o
        12          0          0          0          0         68   dretinf.o
       460         56          0          0          0        120   dsqrt_noumaal.o
        86          4          0          0          0         84   f2d.o
       450          8          0          0          0        236   faddsub_clz.o
        12          4          0          0          0         68   fcheck1.o
        24          0          0          0          0         68   fcmpi.o
       388         76          0          0          0         96   fdiv.o
        54          4          0          0          0         84   ffix.o
        86          0          0          0          0        136   fflt_clz.o
       104          4          0          0          0         84   fleqf.o
       258          4          0          0          0         84   fmul.o
       140          4          0          0          0         84   fnaninf.o
        10          0          0          0          0         68   fretinf.o
        98          0          0          0          0         68   frleqf.o
       100          0          0          0          0         68   retnan.o
        92          0          0          0          0         68   scalbn.o
        76          0          0          0          0         68   scalbnf.o
        48          0          0          0          0         68   trapv.o
         0          0          0          0          0          0   usenofp.o
       156          8          0          0          0        104   cos.o
       252         22         48          0          0        124   cos_i.o
        34          6          0          0          0        204   dunder.o
        40          0          0          0          0         68   fpclassify.o
       170          0          0          0          0         96   poly.o
       904         76        200          0          0        140   rred.o
       160         10          0          0          0        108   sin.o
       236         12         40          0          0        128   sin_i.o
        76          0          0          0          0         84   sqrt.o

    ----------------------------------------------------------------------
      7778        502        288          0        100       4964   Library Totals
        26          0          0          0          4          0   (incl. Padding)

    ----------------------------------------------------------------------

      Code (inc. data)   RO Data    RW Data    ZI Data      Debug   Library Name

       924         20          0          0         96       1148   c_w.l
      4800        348          0          0          0       2760   fz_ws.l
      2028        134        288          0          0       1056   m_ws.l

    ----------------------------------------------------------------------
      7778        502        288          0        100       4964   Library Totals

    ----------------------------------------------------------------------

==============================================================================


      Code (inc. data)   RO Data    RW Data    ZI Data      Debug   

     25870       1670       2354        156       6188     796785   Grand Totals
     25870       1670       2354        156       6188     796785   ELF Image Totals
     25870       1670       2354        156          0          0   ROM Totals

==============================================================================

    Total RO  Size (Code + RO Data)                28224 (  27.56kB)
    Total RW  Size (RW Data + ZI Data)              6344 (   6.20kB)
    Total ROM Size (Code + RO Data + RW Data)      28380 (  27.71kB)

==============================================================================

